Resource Utilization by Entity report for DE1_SoC
Fri Feb 17 13:37:52 2017
Quartus II 64-Bit Version 14.0.0 Build 200 06/17/2014 SJ Web Edition


---------------------
; Table of Contents ;
---------------------
  1. Legal Notice
  2. Analysis & Synthesis Resource Utilization by Entity



----------------
; Legal Notice ;
----------------
Copyright (C) 1991-2014 Altera Corporation. All rights reserved.
Your use of Altera Corporation's design tools, logic functions 
and other software and tools, and its AMPP partner logic 
functions, and any output files from any of the foregoing 
(including device programming or simulation files), and any 
associated documentation or information are expressly subject 
to the terms and conditions of the Altera Program License 
Subscription Agreement, the Altera Quartus II License Agreement,
the Altera MegaCore Function License Agreement, or other 
applicable license agreement, including, without limitation, 
that your use is for the sole purpose of programming logic 
devices manufactured by Altera and sold by Altera or its 
authorized distributors.  Please refer to the applicable 
agreement for further details.



+---------------------------------------------------------------------------------------------------------------------------------------------------------------------+
; Analysis & Synthesis Resource Utilization by Entity                                                                                                                 ;
+----------------------------+-------------------+--------------+-------------------+------------+------+--------------+-------------------------------+--------------+
; Compilation Hierarchy Node ; LC Combinationals ; LC Registers ; Block Memory Bits ; DSP Blocks ; Pins ; Virtual Pins ; Full Hierarchy Name           ; Library Name ;
+----------------------------+-------------------+--------------+-------------------+------------+------+--------------+-------------------------------+--------------+
; |tug_of_war                ; 18 (1)            ; 19 (0)       ; 0                 ; 0          ; 67   ; 0            ; |tug_of_war                   ; work         ;
;    |normal_light:led1|     ; 1 (1)             ; 4 (4)        ; 0                 ; 0          ; 0    ; 0            ; |tug_of_war|normal_light:led1 ; work         ;
;    |normal_light:led2|     ; 1 (1)             ; 2 (2)        ; 0                 ; 0          ; 0    ; 0            ; |tug_of_war|normal_light:led2 ; work         ;
;    |normal_light:led3|     ; 1 (1)             ; 1 (1)        ; 0                 ; 0          ; 0    ; 0            ; |tug_of_war|normal_light:led3 ; work         ;
;    |normal_light:led4|     ; 1 (1)             ; 1 (1)        ; 0                 ; 0          ; 0    ; 0            ; |tug_of_war|normal_light:led4 ; work         ;
;    |normal_light:led5|     ; 1 (1)             ; 1 (1)        ; 0                 ; 0          ; 0    ; 0            ; |tug_of_war|normal_light:led5 ; work         ;
;    |normal_light:led6|     ; 1 (1)             ; 1 (1)        ; 0                 ; 0          ; 0    ; 0            ; |tug_of_war|normal_light:led6 ; work         ;
;    |normal_light:led7|     ; 1 (1)             ; 1 (1)        ; 0                 ; 0          ; 0    ; 0            ; |tug_of_war|normal_light:led7 ; work         ;
;    |normal_light:led8|     ; 1 (1)             ; 1 (1)        ; 0                 ; 0          ; 0    ; 0            ; |tug_of_war|normal_light:led8 ; work         ;
;    |normal_light:led9|     ; 1 (1)             ; 1 (1)        ; 0                 ; 0          ; 0    ; 0            ; |tug_of_war|normal_light:led9 ; work         ;
;    |user_inputs:key0|      ; 3 (3)             ; 3 (3)        ; 0                 ; 0          ; 0    ; 0            ; |tug_of_war|user_inputs:key0  ; work         ;
;    |user_inputs:key3|      ; 3 (3)             ; 3 (3)        ; 0                 ; 0          ; 0    ; 0            ; |tug_of_war|user_inputs:key3  ; work         ;
;    |victory:p1|            ; 2 (2)             ; 0 (0)        ; 0                 ; 0          ; 0    ; 0            ; |tug_of_war|victory:p1        ; work         ;
+----------------------------+-------------------+--------------+-------------------+------------+------+--------------+-------------------------------+--------------+
Note: For table entries with two numbers listed, the numbers in parentheses indicate the number of resources of the given type used by the specific entity alone. The numbers listed outside of parentheses indicate the total resources of the given type used by the specific entity and all of its sub-entities in the hierarchy.


