Archive member included to satisfy reference by file (symbol)

c:/intelfpga_lite/17.0/nios2eds/bin/gnu/h-x86_64-mingw32/bin/../lib/gcc/nios2-elf/5.3.0/../../../../../H-x86_64-mingw32/nios2-elf/lib/mno-hw-mul\libc.a(lib_a-atoi.o)
                              obj/default/main.o (atoi)
c:/intelfpga_lite/17.0/nios2eds/bin/gnu/h-x86_64-mingw32/bin/../lib/gcc/nios2-elf/5.3.0/../../../../../H-x86_64-mingw32/nios2-elf/lib/mno-hw-mul\libc.a(lib_a-exit.o)
                              obj/default/main.o (exit)
c:/intelfpga_lite/17.0/nios2eds/bin/gnu/h-x86_64-mingw32/bin/../lib/gcc/nios2-elf/5.3.0/../../../../../H-x86_64-mingw32/nios2-elf/lib/mno-hw-mul\libc.a(lib_a-fclose.o)
                              obj/default/main.o (fclose)
c:/intelfpga_lite/17.0/nios2eds/bin/gnu/h-x86_64-mingw32/bin/../lib/gcc/nios2-elf/5.3.0/../../../../../H-x86_64-mingw32/nios2-elf/lib/mno-hw-mul\libc.a(lib_a-fflush.o)
                              c:/intelfpga_lite/17.0/nios2eds/bin/gnu/h-x86_64-mingw32/bin/../lib/gcc/nios2-elf/5.3.0/../../../../../H-x86_64-mingw32/nios2-elf/lib/mno-hw-mul\libc.a(lib_a-fclose.o) (__sflush_r)
c:/intelfpga_lite/17.0/nios2eds/bin/gnu/h-x86_64-mingw32/bin/../lib/gcc/nios2-elf/5.3.0/../../../../../H-x86_64-mingw32/nios2-elf/lib/mno-hw-mul\libc.a(lib_a-findfp.o)
                              c:/intelfpga_lite/17.0/nios2eds/bin/gnu/h-x86_64-mingw32/bin/../lib/gcc/nios2-elf/5.3.0/../../../../../H-x86_64-mingw32/nios2-elf/lib/mno-hw-mul\libc.a(lib_a-fclose.o) (__sinit)
c:/intelfpga_lite/17.0/nios2eds/bin/gnu/h-x86_64-mingw32/bin/../lib/gcc/nios2-elf/5.3.0/../../../../../H-x86_64-mingw32/nios2-elf/lib/mno-hw-mul\libc.a(lib_a-fopen.o)
                              obj/default/main.o (fopen)
c:/intelfpga_lite/17.0/nios2eds/bin/gnu/h-x86_64-mingw32/bin/../lib/gcc/nios2-elf/5.3.0/../../../../../H-x86_64-mingw32/nios2-elf/lib/mno-hw-mul\libc.a(lib_a-freer.o)
                              c:/intelfpga_lite/17.0/nios2eds/bin/gnu/h-x86_64-mingw32/bin/../lib/gcc/nios2-elf/5.3.0/../../../../../H-x86_64-mingw32/nios2-elf/lib/mno-hw-mul\libc.a(lib_a-fclose.o) (_free_r)
c:/intelfpga_lite/17.0/nios2eds/bin/gnu/h-x86_64-mingw32/bin/../lib/gcc/nios2-elf/5.3.0/../../../../../H-x86_64-mingw32/nios2-elf/lib/mno-hw-mul\libc.a(lib_a-fseek.o)
                              c:/intelfpga_lite/17.0/nios2eds/bin/gnu/h-x86_64-mingw32/bin/../lib/gcc/nios2-elf/5.3.0/../../../../../H-x86_64-mingw32/nios2-elf/lib/mno-hw-mul\libc.a(lib_a-fopen.o) (_fseek_r)
c:/intelfpga_lite/17.0/nios2eds/bin/gnu/h-x86_64-mingw32/bin/../lib/gcc/nios2-elf/5.3.0/../../../../../H-x86_64-mingw32/nios2-elf/lib/mno-hw-mul\libc.a(lib_a-fseeko.o)
                              c:/intelfpga_lite/17.0/nios2eds/bin/gnu/h-x86_64-mingw32/bin/../lib/gcc/nios2-elf/5.3.0/../../../../../H-x86_64-mingw32/nios2-elf/lib/mno-hw-mul\libc.a(lib_a-fseek.o) (_fseeko_r)
c:/intelfpga_lite/17.0/nios2eds/bin/gnu/h-x86_64-mingw32/bin/../lib/gcc/nios2-elf/5.3.0/../../../../../H-x86_64-mingw32/nios2-elf/lib/mno-hw-mul\libc.a(lib_a-fstatr.o)
                              c:/intelfpga_lite/17.0/nios2eds/bin/gnu/h-x86_64-mingw32/bin/../lib/gcc/nios2-elf/5.3.0/../../../../../H-x86_64-mingw32/nios2-elf/lib/mno-hw-mul\libc.a(lib_a-fseeko.o) (_fstat_r)
c:/intelfpga_lite/17.0/nios2eds/bin/gnu/h-x86_64-mingw32/bin/../lib/gcc/nios2-elf/5.3.0/../../../../../H-x86_64-mingw32/nios2-elf/lib/mno-hw-mul\libc.a(lib_a-fwalk.o)
                              c:/intelfpga_lite/17.0/nios2eds/bin/gnu/h-x86_64-mingw32/bin/../lib/gcc/nios2-elf/5.3.0/../../../../../H-x86_64-mingw32/nios2-elf/lib/mno-hw-mul\libc.a(lib_a-findfp.o) (_fwalk)
c:/intelfpga_lite/17.0/nios2eds/bin/gnu/h-x86_64-mingw32/bin/../lib/gcc/nios2-elf/5.3.0/../../../../../H-x86_64-mingw32/nios2-elf/lib/mno-hw-mul\libc.a(lib_a-getline.o)
                              obj/default/main.o (__getline)
c:/intelfpga_lite/17.0/nios2eds/bin/gnu/h-x86_64-mingw32/bin/../lib/gcc/nios2-elf/5.3.0/../../../../../H-x86_64-mingw32/nios2-elf/lib/mno-hw-mul\libc.a(lib_a-impure.o)
                              c:/intelfpga_lite/17.0/nios2eds/bin/gnu/h-x86_64-mingw32/bin/../lib/gcc/nios2-elf/5.3.0/../../../../../H-x86_64-mingw32/nios2-elf/lib/mno-hw-mul\libc.a(lib_a-exit.o) (_global_impure_ptr)
c:/intelfpga_lite/17.0/nios2eds/bin/gnu/h-x86_64-mingw32/bin/../lib/gcc/nios2-elf/5.3.0/../../../../../H-x86_64-mingw32/nios2-elf/lib/mno-hw-mul\libc.a(lib_a-int_errno.o)
                              c:/intelfpga_lite/17.0/nios2eds/bin/gnu/h-x86_64-mingw32/bin/../lib/gcc/nios2-elf/5.3.0/../../../../../H-x86_64-mingw32/nios2-elf/lib/mno-hw-mul\libc.a(lib_a-fstatr.o) (errno)
c:/intelfpga_lite/17.0/nios2eds/bin/gnu/h-x86_64-mingw32/bin/../lib/gcc/nios2-elf/5.3.0/../../../../../H-x86_64-mingw32/nios2-elf/lib/mno-hw-mul\libc.a(lib_a-itoa.o)
                              obj/default/main.o (itoa)
c:/intelfpga_lite/17.0/nios2eds/bin/gnu/h-x86_64-mingw32/bin/../lib/gcc/nios2-elf/5.3.0/../../../../../H-x86_64-mingw32/nios2-elf/lib/mno-hw-mul\libc.a(lib_a-makebuf.o)
[...]
Memory Configuration

Name             Origin             Length             Attributes
reset            0x0000000004000000 0x0000000000000020
sdram            0x0000000004000020 0x0000000003ffffe0
onchip_memory    0x0000000008010000 0x000000000000fa00
*default*        0x0000000000000000 0xffffffffffffffff

Linker script and memory map

LOAD ../host_fs_bsp//obj/HAL/src/crt0.o
LOAD obj/default/main.o
LOAD c:/intelfpga_lite/17.0/nios2eds/bin/gnu/h-x86_64-mingw32/bin/../lib/gcc/nios2-elf/5.3.0/../../../../../H-x86_64-mingw32/nios2-elf/lib/mno-hw-mul\libstdc++.a
LOAD c:/intelfpga_lite/17.0/nios2eds/bin/gnu/h-x86_64-mingw32/bin/../lib/gcc/nios2-elf/5.3.0/../../../../../H-x86_64-mingw32/nios2-elf/lib/mno-hw-mul\libm.a
LOAD c:/intelfpga_lite/17.0/nios2eds/bin/gnu/h-x86_64-mingw32/bin/../lib/gcc/nios2-elf/5.3.0/mno-hw-mul\libgcc.a
START GROUP
LOAD c:/intelfpga_lite/17.0/nios2eds/bin/gnu/h-x86_64-mingw32/bin/../lib/gcc/nios2-elf/5.3.0/../../../../../H-x86_64-mingw32/nios2-elf/lib/mno-hw-mul\libc.a
LOAD c:/intelfpga_lite/17.0/nios2eds/bin/gnu/h-x86_64-mingw32/bin/../lib/gcc/nios2-elf/5.3.0/mno-hw-mul\libgcc.a
LOAD ../host_fs_bsp/\libhal_bsp.a
LOAD c:/intelfpga_lite/17.0/nios2eds/bin/gnu/h-x86_64-mingw32/bin/../lib/gcc/nios2-elf/5.3.0/../../../../../H-x86_64-mingw32/nios2-elf/lib/mno-hw-mul\libm.a
END GROUP
LOAD c:/intelfpga_lite/17.0/nios2eds/bin/gnu/h-x86_64-mingw32/bin/../lib/gcc/nios2-elf/5.3.0/mno-hw-mul\libgcc.a
                0x0000000004000000                __alt_mem_sdram = 0x4000000
                0x0000000008010000                __alt_mem_onchip_memory = 0x8010000

.entry          0x0000000004000000       0x20
 *(.entry)
 .entry         0x0000000004000000       0x20 ../host_fs_bsp//obj/HAL/src/crt0.o
                0x0000000004000000                __reset

.exceptions     0x0000000004000020      0x210
                0x0000000004000020                PROVIDE (__ram_exceptions_start, ABSOLUTE (.))
                0x0000000004000020                . = ALIGN (0x20)
 *(.irq)
 *(.exceptions.entry.label)
 .exceptions.entry.label
                0x0000000004000020        0x0 ../host_fs_bsp/\libhal_bsp.a(alt_irq_entry.o)
                0x0000000004000020                alt_irq_entry
 .exceptions.entry.label
                0x0000000004000020        0x0 ../host_fs_bsp/\libhal_bsp.a(alt_exception_entry.o)
                0x0000000004000020                alt_exception
 *(.exceptions.entry.user)
 *(.exceptions.entry.ecc_fatal)
 *(.exceptions.entry)
 .exceptions.entry
                0x0000000004000020       0x54 ../host_fs_bsp/\libhal_bsp.a(alt_exception_entry.o)
 *(.exceptions.irqtest.user)
 *(.exceptions.irqtest)
 .exceptions.irqtest
                0x0000000004000074       0x10 ../host_fs_bsp/\libhal_bsp.a(alt_irq_entry.o)
 *(.exceptions.irqhandler.user)
 *(.exceptions.irqhandler)
 .exceptions.irqhandler
                0x0000000004000084        0x4 ../host_fs_bsp/\libhal_bsp.a(alt_irq_entry.o)
 *(.exceptions.irqreturn.user)
 *(.exceptions.irqreturn)
 .exceptions.irqreturn
                0x0000000004000088        0x4 ../host_fs_bsp/\libhal_bsp.a(alt_irq_entry.o)
 *(.exceptions.notirq.label)
 .exceptions.notirq.label
                0x000000000400008c        0x0 ../host_fs_bsp/\libhal_bsp.a(alt_irq_entry.o)
 *(.exceptions.notirq.user)
 *(.exceptions.notirq)
 .exceptions.notirq
                0x000000000400008c        0x8 ../host_fs_bsp/\libhal_bsp.a(alt_exception_entry.o)
 *(.exceptions.soft.user)
 *(.exceptions.soft)
 *(.exceptions.unknown.user)
 *(.exceptions.unknown)
 .exceptions.unknown
                0x0000000004000094       0x14 ../host_fs_bsp/\libhal_bsp.a(alt_exception_entry.o)
 *(.exceptions.exit.label)
 .exceptions.exit.label
                0x00000000040000a8        0x0 ../host_fs_bsp/\libhal_bsp.a(alt_irq_entry.o)
 .exceptions.exit.label
                0x00000000040000a8        0x0 ../host_fs_bsp/\libhal_bsp.a(alt_exception_entry.o)
 *(.exceptions.exit.user)
 *(.exceptions.exit)
 .exceptions.exit
                0x00000000040000a8       0x54 ../host_fs_bsp/\libhal_bsp.a(alt_exception_entry.o)
 *(.exceptions)
 .exceptions    0x00000000040000fc       0xd4 ../host_fs_bsp/\libhal_bsp.a(alt_irq_handler.o)
                0x00000000040000fc                alt_irq_handler
 .exceptions    0x00000000040001d0       0x60 ../host_fs_bsp/\libhal_bsp.a(alt_instruction_exception_entry.o)
                0x00000000040001d0                alt_instruction_exception_entry
                0x0000000004000230                PROVIDE (__ram_exceptions_end, ABSOLUTE (.))
                0x0000000004000020                PROVIDE (__flash_exceptions_start, LOADADDR (.exceptions))

.text           0x0000000008010000     0xaf10
                [!provide]                        PROVIDE (stext, ABSOLUTE (.))
 *(.interp)
 *(.hash)
 *(.dynsym)
 *(.dynstr)
 *(.gnu.version)
 *(.gnu.version_d)
 *(.gnu.version_r)
 *(.rel.init)
 *(.rela.init)
 *(.rel.text .rel.text.* .rel.gnu.linkonce.t.*)
 *(.rela.text .rela.text.* .rela.gnu.linkonce.t.*)
 *(.rel.fini)
 *(.rela.fini)
 *(.rel.rodata .rel.rodata.* .rel.gnu.linkonce.r.*)
 *(.rela.rodata .rela.rodata.* .rela.gnu.linkonce.r.*)
 *(.rel.data .rel.data.* .rel.gnu.linkonce.d.*)
 *(.rela.data .rela.data.* .rela.gnu.linkonce.d.*)
 *(.rel.tdata .rel.tdata.* .rel.gnu.linkonce.td.*)
 *(.rela.tdata .rela.tdata.* .rela.gnu.linkonce.td.*)
 *(.rel.tbss .rel.tbss.* .rel.gnu.linkonce.tb.*)
 *(.rela.tbss .rela.tbss.* .rela.gnu.linkonce.tb.*)
 *(.rel.ctors)
 *(.rela.ctors)
 *(.rel.dtors)
 *(.rela.dtors)
 *(.rel.got)
 *(.rela.got)
 *(.rel.sdata .rel.sdata.* .rel.gnu.linkonce.s.*)
 *(.rela.sdata .rela.sdata.* .rela.gnu.linkonce.s.*)
 *(.rel.sbss .rel.sbss.* .rel.gnu.linkonce.sb.*)
 *(.rela.sbss .rela.sbss.* .rela.gnu.linkonce.sb.*)
 *(.rel.sdata2 .rel.sdata2.* .rel.gnu.linkonce.s2.*)
 *(.rela.sdata2 .rela.sdata2.* .rela.gnu.linkonce.s2.*)
 *(.rel.sbss2 .rel.sbss2.* .rel.gnu.linkonce.sb2.*)
 *(.rela.sbss2 .rela.sbss2.* .rela.gnu.linkonce.sb2.*)
 *(.rel.bss .rel.bss.* .rel.gnu.linkonce.b.*)
 *(.rela.bss .rela.bss.* .rela.gnu.linkonce.b.*)
 *(.rel.plt)
 *(.rela.plt)
 *(.rel.dyn)
 *(.init)
 *(.plt)
 *(.text .stub .text.* .gnu.linkonce.t.*)
 .text          0x0000000008010000       0x3c ../host_fs_bsp//obj/HAL/src/crt0.o
                0x0000000008010000                _start
 .text          0x000000000801003c      0x4b4 obj/default/main.o
                0x000000000801003c                printImage
                0x00000000080100e0                transferImage
                0x00000000080101bc                sdTest
                0x000000000801035c                main
 .text          0x00000000080104f0        0x0 c:/intelfpga_lite/17.0/nios2eds/bin/gnu/h-x86_64-mingw32/bin/../lib/gcc/nios2-elf/5.3.0/../../../../../H-x86_64-mingw32/nios2-elf/lib/mno-hw-mul\libc.a(lib_a-atoi.o)
 .text.atoi     0x00000000080104f0        0xc c:/intelfpga_lite/17.0/nios2eds/bin/gnu/h-x86_64-mingw32/bin/../lib/gcc/nios2-elf/5.3.0/../../../../../H-x86_64-mingw32/nios2-elf/lib/mno-hw-mul\libc.a(lib_a-atoi.o)
                0x00000000080104f0                atoi
 .text._atoi_r  0x00000000080104fc        0xc c:/intelfpga_lite/17.0/nios2eds/bin/gnu/h-x86_64-mingw32/bin/../lib/gcc/nios2-elf/5.3.0/../../../../../H-x86_64-mingw32/nios2-elf/lib/mno-hw-mul\libc.a(lib_a-atoi.o)
                0x00000000080104fc                _atoi_r
 .text          0x0000000008010508        0x0 c:/intelfpga_lite/17.0/nios2eds/bin/gnu/h-x86_64-mingw32/bin/../lib/gcc/nios2-elf/5.3.0/../../../../../H-x86_64-mingw32/nios2-elf/lib/mno-hw-mul\libc.a(lib_a-exit.o)
 .text.exit     0x0000000008010508       0x38 c:/intelfpga_lite/17.0/nios2eds/bin/gnu/h-x86_64-mingw32/bin/../lib/gcc/nios2-elf/5.3.0/../../../../../H-x86_64-mingw32/nios2-elf/lib/mno-hw-mul\libc.a(lib_a-exit.o)
                0x0000000008010508                exit
 .text          0x0000000008010540        0x0 c:/intelfpga_lite/17.0/nios2eds/bin/gnu/h-x86_64-mingw32/bin/../lib/gcc/nios2-elf/5.3.0/../../../../../H-x86_64-mingw32/nios2-elf/lib/mno-hw-mul\libc.a(lib_a-fclose.o)
 .text._fclose_r
                0x0000000008010540       0xf0 c:/intelfpga_lite/17.0/nios2eds/bin/gnu/h-x86_64-mingw32/bin/../lib/gcc/nios2-elf/5.3.0/../../../../../H-x86_64-mingw32/nios2-elf/lib/mno-hw-mul\libc.a(lib_a-fclose.o)
                0x0000000008010540                _fclose_r
 .text.fclose   0x0000000008010630       0x14 c:/intelfpga_lite/17.0/nios2eds/bin/gnu/h-x86_64-mingw32/bin/../lib/gcc/nios2-elf/5.3.0/../../../../../H-x86_64-mingw32/nios2-elf/lib/mno-hw-mul\libc.a(lib_a-fclose.o)
                0x0000000008010630                fclose
 .text          0x0000000008010644        0x0 c:/intelfpga_lite/17.0/nios2eds/bin/gnu/h-x86_64-mingw32/bin/../lib/gcc/nios2-elf/5.3.0/../../../../../H-x86_64-mingw32/nios2-elf/lib/mno-hw-mul\libc.a(lib_a-fflush.o)
 .text.__sflush_r
                0x0000000008010644      0x21c c:/intelfpga_lite/17.0/nios2eds/bin/gnu/h-x86_64-mingw32/bin/../lib/gcc/nios2-elf/5.3.0/../../../../../H-x86_64-mingw32/nios2-elf/lib/mno-hw-mul\libc.a(lib_a-fflush.o)
                0x0000000008010644                __sflush_r
 .text._fflush_r
                0x0000000008010860       0x5c c:/intelfpga_lite/17.0/nios2eds/bin/gnu/h-x86_64-mingw32/bin/../lib/gcc/nios2-elf/5.3.0/../../../../../H-x86_64-mingw32/nios2-elf/lib/mno-hw-mul\libc.a(lib_a-fflush.o)
                0x0000000008010860                _fflush_r
 .text.fflush   0x00000000080108bc       0x30 c:/intelfpga_lite/17.0/nios2eds/bin/gnu/h-x86_64-mingw32/bin/../lib/gcc/nios2-elf/5.3.0/../../../../../H-x86_64-mingw32/nios2-elf/lib/mno-hw-mul\libc.a(lib_a-fflush.o)
                0x00000000080108bc                fflush
 .text          0x00000000080108ec        0x0 c:/intelfpga_lite/17.0/nios2eds/bin/gnu/h-x86_64-mingw32/bin/../lib/gcc/nios2-elf/5.3.0/../../../../../H-x86_64-mingw32/nios2-elf/lib/mno-hw-mul\libc.a(lib_a-findfp.o)
 .text.__fp_unlock
                0x00000000080108ec        0x8 c:/intelfpga_lite/17.0/nios2eds/bin/gnu/h-x86_64-mingw32/bin/../lib/gcc/nios2-elf/5.3.0/../../../../../H-x86_64-mingw32/nios2-elf/lib/mno-hw-mul\libc.a(lib_a-findfp.o)
 .text._cleanup_r
                0x00000000080108f4        0xc c:/intelfpga_lite/17.0/nios2eds/bin/gnu/h-x86_64-mingw32/bin/../lib/gcc/nios2-elf/5.3.0/../../../../../H-x86_64-mingw32/nios2-elf/lib/mno-hw-mul\libc.a(lib_a-findfp.o)
                0x00000000080108f4                _cleanup_r
 .text.__sinit.part.1
                0x0000000008010900      0x19c c:/intelfpga_lite/17.0/nios2eds/bin/gnu/h-x86_64-mingw32/bin/../lib/gcc/nios2-elf/5.3.0/../../../../../H-x86_64-mingw32/nios2-elf/lib/mno-hw-mul\libc.a(lib_a-findfp.o)
 .text.__fp_lock
                0x0000000008010a9c        0x8 c:/intelfpga_lite/17.0/nios2eds/bin/gnu/h-x86_64-mingw32/bin/../lib/gcc/nios2-elf/5.3.0/../../../../../H-x86_64-mingw32/nios2-elf/lib/mno-hw-mul\libc.a(lib_a-findfp.o)
 .text.__sfmoreglue
                0x0000000008010aa4       0x78 c:/intelfpga_lite/17.0/nios2eds/bin/gnu/h-x86_64-mingw32/bin/../lib/gcc/nios2-elf/5.3.0/../../../../../H-x86_64-mingw32/nios2-elf/lib/mno-hw-mul\libc.a(lib_a-findfp.o)
                0x0000000008010aa4                __sfmoreglue
 .text.__sfp    0x0000000008010b1c      0x118 c:/intelfpga_lite/17.0/nios2eds/bin/gnu/h-x86_64-mingw32/bin/../lib/gcc/nios2-elf/5.3.0/../../../../../H-x86_64-mingw32/nios2-elf/lib/mno-hw-mul\libc.a(lib_a-findfp.o)
                0x0000000008010b1c                __sfp
 .text._cleanup
                0x0000000008010c34       0x18 c:/intelfpga_lite/17.0/nios2eds/bin/gnu/h-x86_64-mingw32/bin/../lib/gcc/nios2-elf/5.3.0/../../../../../H-x86_64-mingw32/nios2-elf/lib/mno-hw-mul\libc.a(lib_a-findfp.o)
                0x0000000008010c34                _cleanup
 .text.__sinit  0x0000000008010c4c       0x10 c:/intelfpga_lite/17.0/nios2eds/bin/gnu/h-x86_64-mingw32/bin/../lib/gcc/nios2-elf/5.3.0/../../../../../H-x86_64-mingw32/nios2-elf/lib/mno-hw-mul\libc.a(lib_a-findfp.o)
                0x0000000008010c4c                __sinit
 .text.__sfp_lock_acquire
                0x0000000008010c5c        0x4 c:/intelfpga_lite/17.0/nios2eds/bin/gnu/h-x86_64-mingw32/bin/../lib/gcc/nios2-elf/5.3.0/../../../../../H-x86_64-mingw32/nios2-elf/lib/mno-hw-mul\libc.a(lib_a-findfp.o)
                0x0000000008010c5c                __sfp_lock_acquire
 .text.__sfp_lock_release
                0x0000000008010c60        0x4 c:/intelfpga_lite/17.0/nios2eds/bin/gnu/h-x86_64-mingw32/bin/../lib/gcc/nios2-elf/5.3.0/../../../../../H-x86_64-mingw32/nios2-elf/lib/mno-hw-mul\libc.a(lib_a-findfp.o)
                0x0000000008010c60                __sfp_lock_release
 .text.__sinit_lock_acquire
                0x0000000008010c64        0x4 c:/intelfpga_lite/17.0/nios2eds/bin/gnu/h-x86_64-mingw32/bin/../lib/gcc/nios2-elf/5.3.0/../../../../../H-x86_64-mingw32/nios2-elf/lib/mno-hw-mul\libc.a(lib_a-findfp.o)
                0x0000000008010c64                __sinit_lock_acquire
 .text.__sinit_lock_release
                0x0000000008010c68        0x4 c:/intelfpga_lite/17.0/nios2eds/bin/gnu/h-x86_64-mingw32/bin/../lib/gcc/nios2-elf/5.3.0/../../../../../H-x86_64-mingw32/nios2-elf/lib/mno-hw-mul\libc.a(lib_a-findfp.o)
                0x0000000008010c68                __sinit_lock_release
 .text.__fp_lock_all
                0x0000000008010c6c       0x18 c:/intelfpga_lite/17.0/nios2eds/bin/gnu/h-x86_64-mingw32/bin/../lib/gcc/nios2-elf/5.3.0/../../../../../H-x86_64-mingw32/nios2-elf/lib/mno-hw-mul\libc.a(lib_a-findfp.o)
                0x0000000008010c6c                __fp_lock_all
 .text.__fp_unlock_all
                0x0000000008010c84       0x18 c:/intelfpga_lite/17.0/nios2eds/bin/gnu/h-x86_64-mingw32/bin/../lib/gcc/nios2-elf/5.3.0/../../../../../H-x86_64-mingw32/nios2-elf/lib/mno-hw-mul\libc.a(lib_a-findfp.o)
                0x0000000008010c84                __fp_unlock_all
 .text          0x0000000008010c9c        0x0 c:/intelfpga_lite/17.0/nios2eds/bin/gnu/h-x86_64-mingw32/bin/../lib/gcc/nios2-elf/5.3.0/../../../../../H-x86_64-mingw32/nios2-elf/lib/mno-hw-mul\libc.a(lib_a-fopen.o)
 .text._fopen_r
                0x0000000008010c9c       0xf4 c:/intelfpga_lite/17.0/nios2eds/bin/gnu/h-x86_64-mingw32/bin/../lib/gcc/nios2-elf/5.3.0/../../../../../H-x86_64-mingw32/nios2-elf/lib/mno-hw-mul\libc.a(lib_a-fopen.o)
                0x0000000008010c9c                _fopen_r
 .text.fopen    0x0000000008010d90       0x18 c:/intelfpga_lite/17.0/nios2eds/bin/gnu/h-x86_64-mingw32/bin/../lib/gcc/nios2-elf/5.3.0/../../../../../H-x86_64-mingw32/nios2-elf/lib/mno-hw-mul\libc.a(lib_a-fopen.o)
                0x0000000008010d90                fopen
 .text          0x0000000008010da8        0x0 c:/intelfpga_lite/17.0/nios2eds/bin/gnu/h-x86_64-mingw32/bin/../lib/gcc/nios2-elf/5.3.0/../../../../../H-x86_64-mingw32/nios2-elf/lib/mno-hw-mul\libc.a(lib_a-freer.o)
 .text._malloc_trim_r
                0x0000000008010da8      0x124 c:/intelfpga_lite/17.0/nios2eds/bin/gnu/h-x86_64-mingw32/bin/../lib/gcc/nios2-elf/5.3.0/../../../../../H-x86_64-mingw32/nios2-elf/lib/mno-hw-mul\libc.a(lib_a-freer.o)
                0x0000000008010da8                _malloc_trim_r
 .text._free_r  0x0000000008010ecc      0x310 c:/intelfpga_lite/17.0/nios2eds/bin/gnu/h-x86_64-mingw32/bin/../lib/gcc/nios2-elf/5.3.0/../../../../../H-x86_64-mingw32/nios2-elf/lib/mno-hw-mul\libc.a(lib_a-freer.o)
                0x0000000008010ecc                _free_r
 .text          0x00000000080111dc        0x0 c:/intelfpga_lite/17.0/nios2eds/bin/gnu/h-x86_64-mingw32/bin/../lib/gcc/nios2-elf/5.3.0/../../../../../H-x86_64-mingw32/nios2-elf/lib/mno-hw-mul\libc.a(lib_a-fseek.o)
 .text._fseek_r
                0x00000000080111dc        0x4 c:/intelfpga_lite/17.0/nios2eds/bin/gnu/h-x86_64-mingw32/bin/../lib/gcc/nios2-elf/5.3.0/../../../../../H-x86_64-mingw32/nios2-elf/lib/mno-hw-mul\libc.a(lib_a-fseek.o)
                0x00000000080111dc                _fseek_r
 .text.fseek    0x00000000080111e0       0x1c c:/intelfpga_lite/17.0/nios2eds/bin/gnu/h-x86_64-mingw32/bin/../lib/gcc/nios2-elf/5.3.0/../../../../../H-x86_64-mingw32/nios2-elf/lib/mno-hw-mul\libc.a(lib_a-fseek.o)
                0x00000000080111e0                fseek
 .text          0x00000000080111fc        0x0 c:/intelfpga_lite/17.0/nios2eds/bin/gnu/h-x86_64-mingw32/bin/../lib/gcc/nios2-elf/5.3.0/../../../../../H-x86_64-mingw32/nios2-elf/lib/mno-hw-mul\libc.a(lib_a-fseeko.o)
 .text._fseeko_r
                0x00000000080111fc      0x444 c:/intelfpga_lite/17.0/nios2eds/bin/gnu/h-x86_64-mingw32/bin/../lib/gcc/nios2-elf/5.3.0/../../../../../H-x86_64-mingw32/nios2-elf/lib/mno-hw-mul\libc.a(lib_a-fseeko.o)
                0x00000000080111fc                _fseeko_r
 .text.fseeko   0x0000000008011640       0x1c c:/intelfpga_lite/17.0/nios2eds/bin/gnu/h-x86_64-mingw32/bin/../lib/gcc/nios2-elf/5.3.0/../../../../../H-x86_64-mingw32/nios2-elf/lib/mno-hw-mul\libc.a(lib_a-fseeko.o)
                0x0000000008011640                fseeko
 .text          0x000000000801165c        0x0 c:/intelfpga_lite/17.0/nios2eds/bin/gnu/h-x86_64-mingw32/bin/../lib/gcc/nios2-elf/5.3.0/../../../../../H-x86_64-mingw32/nios2-elf/lib/mno-hw-mul\libc.a(lib_a-fstatr.o)
 .text._fstat_r
                0x000000000801165c       0x5c c:/intelfpga_lite/17.0/nios2eds/bin/gnu/h-x86_64-mingw32/bin/../lib/gcc/nios2-elf/5.3.0/../../../../../H-x86_64-mingw32/nios2-elf/lib/mno-hw-mul\libc.a(lib_a-fstatr.o)
                0x000000000801165c                _fstat_r
 .text          0x00000000080116b8        0x0 c:/intelfpga_lite/17.0/nios2eds/bin/gnu/h-x86_64-mingw32/bin/../lib/gcc/nios2-elf/5.3.0/../../../../../H-x86_64-mingw32/nios2-elf/lib/mno-hw-mul\libc.a(lib_a-fwalk.o)
 .text._fwalk   0x00000000080116b8       0xc4 c:/intelfpga_lite/17.0/nios2eds/bin/gnu/h-x86_64-mingw32/bin/../lib/gcc/nios2-elf/5.3.0/../../../../../H-x86_64-mingw32/nios2-elf/lib/mno-hw-mul\libc.a(lib_a-fwalk.o)
                0x00000000080116b8                _fwalk
 .text._fwalk_reent
                0x000000000801177c       0xc4 c:/intelfpga_lite/17.0/nios2eds/bin/gnu/h-x86_64-mingw32/bin/../lib/gcc/nios2-elf/5.3.0/../../../../../H-x86_64-mingw32/nios2-elf/lib/mno-hw-mul\libc.a(lib_a-fwalk.o)
                0x000000000801177c                _fwalk_reent
 .text          0x0000000008011840        0x0 c:/intelfpga_lite/17.0/nios2eds/bin/gnu/h-x86_64-mingw32/bin/../lib/gcc/nios2-elf/5.3.0/../../../../../H-x86_64-mingw32/nios2-elf/lib/mno-hw-mul\libc.a(lib_a-getline.o)
 .text.__getline
                0x0000000008011840        0xc c:/intelfpga_lite/17.0/nios2eds/bin/gnu/h-x86_64-mingw32/bin/../lib/gcc/nios2-elf/5.3.0/../../../../../H-x86_64-mingw32/nios2-elf/lib/mno-hw-mul\libc.a(lib_a-getline.o)
                0x0000000008011840                __getline
 .text          0x000000000801184c        0x0 c:/intelfpga_lite/17.0/nios2eds/bin/gnu/h-x86_64-mingw32/bin/../lib/gcc/nios2-elf/5.3.0/../../../../../H-x86_64-mingw32/nios2-elf/lib/mno-hw-mul\libc.a(lib_a-impure.o)
 .text          0x000000000801184c        0x0 c:/intelfpga_lite/17.0/nios2eds/bin/gnu/h-x86_64-mingw32/bin/../lib/gcc/nios2-elf/5.3.0/../../../../../H-x86_64-mingw32/nios2-elf/lib/mno-hw-mul\libc.a(lib_a-int_errno.o)
 .text          0x000000000801184c        0x0 c:/intelfpga_lite/17.0/nios2eds/bin/gnu/h-x86_64-mingw32/bin/../lib/gcc/nios2-elf/5.3.0/../../../../../H-x86_64-mingw32/nios2-elf/lib/mno-hw-mul\libc.a(lib_a-itoa.o)
 .text.__itoa   0x000000000801184c       0x68 c:/intelfpga_lite/17.0/nios2eds/bin/gnu/h-x86_64-mingw32/bin/../lib/gcc/nios2-elf/5.3.0/../../../../../H-x86_64-mingw32/nios2-elf/lib/mno-hw-mul\libc.a(lib_a-itoa.o)
                0x000000000801184c                __itoa
 .text.itoa     0x00000000080118b4        0x4 c:/intelfpga_lite/17.0/nios2eds/bin/gnu/h-x86_64-mingw32/bin/../lib/gcc/nios2-elf/5.3.0/../../../../../H-x86_64-mingw32/nios2-elf/lib/mno-hw-mul\libc.a(lib_a-itoa.o)
                0x00000000080118b4                itoa
 .text          0x00000000080118b8        0x0 c:/intelfpga_lite/17.0/nios2eds/bin/gnu/h-x86_64-mingw32/bin/../lib/gcc/nios2-elf/5.3.0/../../../../../H-x86_64-mingw32/nios2-elf/lib/mno-hw-mul\libc.a(lib_a-makebuf.o)
 .text.__smakebuf_r
                0x00000000080118b8      0x1bc c:/intelfpga_lite/17.0/nios2eds/bin/gnu/h-x86_64-mingw32/bin/../lib/gcc/nios2-elf/5.3.0/../../../../../H-x86_64-mingw32/nios2-elf/lib/mno-hw-mul\libc.a(lib_a-makebuf.o)
                0x00000000080118b8                __smakebuf_r
 .text          0x0000000008011a74        0x0 c:/intelfpga_lite/17.0/nios2eds/bin/gnu/h-x86_64-mingw32/bin/../lib/gcc/nios2-elf/5.3.0/../../../../../H-x86_64-mingw32/nios2-elf/lib/mno-hw-mul\libc.a(lib_a-mallocr.o)
 .text._malloc_r
                0x0000000008011a74      0x80c c:/intelfpga_lite/17.0/nios2eds/bin/gnu/h-x86_64-mingw32/bin/../lib/gcc/nios2-elf/5.3.0/../../../../../H-x86_64-mingw32/nios2-elf/lib/mno-hw-mul\libc.a(lib_a-mallocr.o)
                0x0000000008011a74                _malloc_r
 .text          0x0000000008012280        0x0 c:/intelfpga_lite/17.0/nios2eds/bin/gnu/h-x86_64-mingw32/bin/../lib/gcc/nios2-elf/5.3.0/../../../../../H-x86_64-mingw32/nios2-elf/lib/mno-hw-mul\libc.a(lib_a-memcpy.o)
 .text.memcpy   0x0000000008012280      0x148 c:/intelfpga_lite/17.0/nios2eds/bin/gnu/h-x86_64-mingw32/bin/../lib/gcc/nios2-elf/5.3.0/../../../../../H-x86_64-mingw32/nios2-elf/lib/mno-hw-mul\libc.a(lib_a-memcpy.o)
                0x0000000008012280                memcpy
 .text          0x00000000080123c8        0x0 c:/intelfpga_lite/17.0/nios2eds/bin/gnu/h-x86_64-mingw32/bin/../lib/gcc/nios2-elf/5.3.0/../../../../../H-x86_64-mingw32/nios2-elf/lib/mno-hw-mul\libc.a(lib_a-memset.o)
 .text.memset   0x00000000080123c8      0x128 c:/intelfpga_lite/17.0/nios2eds/bin/gnu/h-x86_64-mingw32/bin/../lib/gcc/nios2-elf/5.3.0/../../../../../H-x86_64-mingw32/nios2-elf/lib/mno-hw-mul\libc.a(lib_a-memset.o)
                0x00000000080123c8                memset
 .text          0x00000000080124f0        0x0 c:/intelfpga_lite/17.0/nios2eds/bin/gnu/h-x86_64-mingw32/bin/../lib/gcc/nios2-elf/5.3.0/../../../../../H-x86_64-mingw32/nios2-elf/lib/mno-hw-mul\libc.a(lib_a-openr.o)
 .text._open_r  0x00000000080124f0       0x60 c:/intelfpga_lite/17.0/nios2eds/bin/gnu/h-x86_64-mingw32/bin/../lib/gcc/nios2-elf/5.3.0/../../../../../H-x86_64-mingw32/nios2-elf/lib/mno-hw-mul\libc.a(lib_a-openr.o)
                0x00000000080124f0                _open_r
 .text          0x0000000008012550        0x0 c:/intelfpga_lite/17.0/nios2eds/bin/gnu/h-x86_64-mingw32/bin/../lib/gcc/nios2-elf/5.3.0/../../../../../H-x86_64-mingw32/nios2-elf/lib/mno-hw-mul\libc.a(lib_a-refill.o)
 .text.lflush   0x0000000008012550       0x1c c:/intelfpga_lite/17.0/nios2eds/bin/gnu/h-x86_64-mingw32/bin/../lib/gcc/nios2-elf/5.3.0/../../../../../H-x86_64-mingw32/nios2-elf/lib/mno-hw-mul\libc.a(lib_a-refill.o)
 .text.__srefill_r
                0x000000000801256c      0x1d4 c:/intelfpga_lite/17.0/nios2eds/bin/gnu/h-x86_64-mingw32/bin/../lib/gcc/nios2-elf/5.3.0/../../../../../H-x86_64-mingw32/nios2-elf/lib/mno-hw-mul\libc.a(lib_a-refill.o)
                0x000000000801256c                __srefill_r
 .text          0x0000000008012740        0x0 c:/intelfpga_lite/17.0/nios2eds/bin/gnu/h-x86_64-mingw32/bin/../lib/gcc/nios2-elf/5.3.0/../../../../../H-x86_64-mingw32/nios2-elf/lib/mno-hw-mul\libc.a(lib_a-sbrkr.o)
 .text._sbrk_r  0x0000000008012740       0x54 c:/intelfpga_lite/17.0/nios2eds/bin/gnu/h-x86_64-mingw32/bin/../lib/gcc/nios2-elf/5.3.0/../../../../../H-x86_64-mingw32/nios2-elf/lib/mno-hw-mul\libc.a(lib_a-sbrkr.o)
                0x0000000008012740                _sbrk_r
 .text          0x0000000008012794        0x0 c:/intelfpga_lite/17.0/nios2eds/bin/gnu/h-x86_64-mingw32/bin/../lib/gcc/nios2-elf/5.3.0/../../../../../H-x86_64-mingw32/nios2-elf/lib/mno-hw-mul\libc.a(lib_a-stdio.o)
 .text.__sread  0x0000000008012794       0x54 c:/intelfpga_lite/17.0/nios2eds/bin/gnu/h-x86_64-mingw32/bin/../lib/gcc/nios2-elf/5.3.0/../../../../../H-x86_64-mingw32/nios2-elf/lib/mno-hw-mul\libc.a(lib_a-stdio.o)
                0x0000000008012794                __sread
 .text.__seofread
                0x00000000080127e8        0x8 c:/intelfpga_lite/17.0/nios2eds/bin/gnu/h-x86_64-mingw32/bin/../lib/gcc/nios2-elf/5.3.0/../../../../../H-x86_64-mingw32/nios2-elf/lib/mno-hw-mul\libc.a(lib_a-stdio.o)
                0x00000000080127e8                __seofread
 .text.__swrite
                0x00000000080127f0       0x7c c:/intelfpga_lite/17.0/nios2eds/bin/gnu/h-x86_64-mingw32/bin/../lib/gcc/nios2-elf/5.3.0/../../../../../H-x86_64-mingw32/nios2-elf/lib/mno-hw-mul\libc.a(lib_a-stdio.o)
                0x00000000080127f0                __swrite
 .text.__sseek  0x000000000801286c       0x5c c:/intelfpga_lite/17.0/nios2eds/bin/gnu/h-x86_64-mingw32/bin/../lib/gcc/nios2-elf/5.3.0/../../../../../H-x86_64-mingw32/nios2-elf/lib/mno-hw-mul\libc.a(lib_a-stdio.o)
                0x000000000801286c                __sseek
 .text.__sclose
                0x00000000080128c8        0x8 c:/intelfpga_lite/17.0/nios2eds/bin/gnu/h-x86_64-mingw32/bin/../lib/gcc/nios2-elf/5.3.0/../../../../../H-x86_64-mingw32/nios2-elf/lib/mno-hw-mul\libc.a(lib_a-stdio.o)
                0x00000000080128c8                __sclose
 .text          0x00000000080128d0        0x0 c:/intelfpga_lite/17.0/nios2eds/bin/gnu/h-x86_64-mingw32/bin/../lib/gcc/nios2-elf/5.3.0/../../../../../H-x86_64-mingw32/nios2-elf/lib/mno-hw-mul\libc.a(lib_a-strtok.o)
 .text.strtok   0x00000000080128d0       0x18 c:/intelfpga_lite/17.0/nios2eds/bin/gnu/h-x86_64-mingw32/bin/../lib/gcc/nios2-elf/5.3.0/../../../../../H-x86_64-mingw32/nios2-elf/lib/mno-hw-mul\libc.a(lib_a-strtok.o)
                0x00000000080128d0                strtok
 .text          0x00000000080128e8        0x0 c:/intelfpga_lite/17.0/nios2eds/bin/gnu/h-x86_64-mingw32/bin/../lib/gcc/nios2-elf/5.3.0/../../../../../H-x86_64-mingw32/nios2-elf/lib/mno-hw-mul\libc.a(lib_a-strtok_r.o)
 .text.__strtok_r
                0x00000000080128e8       0x9c c:/intelfpga_lite/17.0/nios2eds/bin/gnu/h-x86_64-mingw32/bin/../lib/gcc/nios2-elf/5.3.0/../../../../../H-x86_64-mingw32/nios2-elf/lib/mno-hw-mul\libc.a(lib_a-strtok_r.o)
                0x00000000080128e8                __strtok_r
 .text.strtok_r
                0x0000000008012984        0x8 c:/intelfpga_lite/17.0/nios2eds/bin/gnu/h-x86_64-mingw32/bin/../lib/gcc/nios2-elf/5.3.0/../../../../../H-x86_64-mingw32/nios2-elf/lib/mno-hw-mul\libc.a(lib_a-strtok_r.o)
                0x0000000008012984                strtok_r
 .text          0x000000000801298c        0x0 c:/intelfpga_lite/17.0/nios2eds/bin/gnu/h-x86_64-mingw32/bin/../lib/gcc/nios2-elf/5.3.0/../../../../../H-x86_64-mingw32/nios2-elf/lib/mno-hw-mul\libc.a(lib_a-strtol.o)
 .text._strtol_r
                0x000000000801298c      0x258 c:/intelfpga_lite/17.0/nios2eds/bin/gnu/h-x86_64-mingw32/bin/../lib/gcc/nios2-elf/5.3.0/../../../../../H-x86_64-mingw32/nios2-elf/lib/mno-hw-mul\libc.a(lib_a-strtol.o)
                0x000000000801298c                _strtol_r
 .text.strtol   0x0000000008012be4       0x1c c:/intelfpga_lite/17.0/nios2eds/bin/gnu/h-x86_64-mingw32/bin/../lib/gcc/nios2-elf/5.3.0/../../../../../H-x86_64-mingw32/nios2-elf/lib/mno-hw-mul\libc.a(lib_a-strtol.o)
                0x0000000008012be4                strtol
 .text          0x0000000008012c00        0x0 c:/intelfpga_lite/17.0/nios2eds/bin/gnu/h-x86_64-mingw32/bin/../lib/gcc/nios2-elf/5.3.0/../../../../../H-x86_64-mingw32/nios2-elf/lib/mno-hw-mul\libc.a(lib_a-utoa.o)
 .text.__utoa   0x0000000008012c00      0x158 c:/intelfpga_lite/17.0/nios2eds/bin/gnu/h-x86_64-mingw32/bin/../lib/gcc/nios2-elf/5.3.0/../../../../../H-x86_64-mingw32/nios2-elf/lib/mno-hw-mul\libc.a(lib_a-utoa.o)
                0x0000000008012c00                __utoa
 .text.utoa     0x0000000008012d58        0x4 c:/intelfpga_lite/17.0/nios2eds/bin/gnu/h-x86_64-mingw32/bin/../lib/gcc/nios2-elf/5.3.0/../../../../../H-x86_64-mingw32/nios2-elf/lib/mno-hw-mul\libc.a(lib_a-utoa.o)
                0x0000000008012d58                utoa
 .text          0x0000000008012d5c        0x0 c:/intelfpga_lite/17.0/nios2eds/bin/gnu/h-x86_64-mingw32/bin/../lib/gcc/nios2-elf/5.3.0/../../../../../H-x86_64-mingw32/nios2-elf/lib/mno-hw-mul\libc.a(lib_a-writer.o)
 .text._write_r
                0x0000000008012d5c       0x60 c:/intelfpga_lite/17.0/nios2eds/bin/gnu/h-x86_64-mingw32/bin/../lib/gcc/nios2-elf/5.3.0/../../../../../H-x86_64-mingw32/nios2-elf/lib/mno-hw-mul\libc.a(lib_a-writer.o)
                0x0000000008012d5c                _write_r
 .text          0x0000000008012dbc        0x0 c:/intelfpga_lite/17.0/nios2eds/bin/gnu/h-x86_64-mingw32/bin/../lib/gcc/nios2-elf/5.3.0/../../../../../H-x86_64-mingw32/nios2-elf/lib/mno-hw-mul\libc.a(closer.o)
 .text._close_r
                0x0000000008012dbc       0x54 c:/intelfpga_lite/17.0/nios2eds/bin/gnu/h-x86_64-mingw32/bin/../lib/gcc/nios2-elf/5.3.0/../../../../../H-x86_64-mingw32/nios2-elf/lib/mno-hw-mul\libc.a(closer.o)
                0x0000000008012dbc                _close_r
 .text          0x0000000008012e10        0x0 c:/intelfpga_lite/17.0/nios2eds/bin/gnu/h-x86_64-mingw32/bin/../lib/gcc/nios2-elf/5.3.0/../../../../../H-x86_64-mingw32/nios2-elf/lib/mno-hw-mul\libc.a(lib_a-__call_atexit.o)
 .text.__call_exitprocs
                0x0000000008012e10      0x180 c:/intelfpga_lite/17.0/nios2eds/bin/gnu/h-x86_64-mingw32/bin/../lib/gcc/nios2-elf/5.3.0/../../../../../H-x86_64-mingw32/nios2-elf/lib/mno-hw-mul\libc.a(lib_a-__call_atexit.o)
                0x0000000008012e10                __call_exitprocs
 .text          0x0000000008012f90        0x0 c:/intelfpga_lite/17.0/nios2eds/bin/gnu/h-x86_64-mingw32/bin/../lib/gcc/nios2-elf/5.3.0/../../../../../H-x86_64-mingw32/nios2-elf/lib/mno-hw-mul\libc.a(lib_a-ctype_.o)
 .text          0x0000000008012f90        0x0 c:/intelfpga_lite/17.0/nios2eds/bin/gnu/h-x86_64-mingw32/bin/../lib/gcc/nios2-elf/5.3.0/../../../../../H-x86_64-mingw32/nios2-elf/lib/mno-hw-mul\libc.a(lib_a-flags.o)
 .text.__sflags
                0x0000000008012f90       0xac c:/intelfpga_lite/17.0/nios2eds/bin/gnu/h-x86_64-mingw32/bin/../lib/gcc/nios2-elf/5.3.0/../../../../../H-x86_64-mingw32/nios2-elf/lib/mno-hw-mul\libc.a(lib_a-flags.o)
                0x0000000008012f90                __sflags
 .text          0x000000000801303c        0x0 c:/intelfpga_lite/17.0/nios2eds/bin/gnu/h-x86_64-mingw32/bin/../lib/gcc/nios2-elf/5.3.0/../../../../../H-x86_64-mingw32/nios2-elf/lib/mno-hw-mul\libc.a(lib_a-getdelim.o)
 .text.__getdelim
                0x000000000801303c      0x164 c:/intelfpga_lite/17.0/nios2eds/bin/gnu/h-x86_64-mingw32/bin/../lib/gcc/nios2-elf/5.3.0/../../../../../H-x86_64-mingw32/nios2-elf/lib/mno-hw-mul\libc.a(lib_a-getdelim.o)
                0x000000000801303c                __getdelim
 .text          0x00000000080131a0        0x0 c:/intelfpga_lite/17.0/nios2eds/bin/gnu/h-x86_64-mingw32/bin/../lib/gcc/nios2-elf/5.3.0/../../../../../H-x86_64-mingw32/nios2-elf/lib/mno-hw-mul\libc.a(lib_a-isattyr.o)
 .text._isatty_r
                0x00000000080131a0       0x54 c:/intelfpga_lite/17.0/nios2eds/bin/gnu/h-x86_64-mingw32/bin/../lib/gcc/nios2-elf/5.3.0/../../../../../H-x86_64-mingw32/nios2-elf/lib/mno-hw-mul\libc.a(lib_a-isattyr.o)
                0x00000000080131a0                _isatty_r
 .text          0x00000000080131f4        0x0 c:/intelfpga_lite/17.0/nios2eds/bin/gnu/h-x86_64-mingw32/bin/../lib/gcc/nios2-elf/5.3.0/../../../../../H-x86_64-mingw32/nios2-elf/lib/mno-hw-mul\libc.a(lib_a-lseekr.o)
 .text._lseek_r
                0x00000000080131f4       0x60 c:/intelfpga_lite/17.0/nios2eds/bin/gnu/h-x86_64-mingw32/bin/../lib/gcc/nios2-elf/5.3.0/../../../../../H-x86_64-mingw32/nios2-elf/lib/mno-hw-mul\libc.a(lib_a-lseekr.o)
                0x00000000080131f4                _lseek_r
 .text          0x0000000008013254        0x0 c:/intelfpga_lite/17.0/nios2eds/bin/gnu/h-x86_64-mingw32/bin/../lib/gcc/nios2-elf/5.3.0/../../../../../H-x86_64-mingw32/nios2-elf/lib/mno-hw-mul\libc.a(lib_a-readr.o)
 .text._read_r  0x0000000008013254       0x60 c:/intelfpga_lite/17.0/nios2eds/bin/gnu/h-x86_64-mingw32/bin/../lib/gcc/nios2-elf/5.3.0/../../../../../H-x86_64-mingw32/nios2-elf/lib/mno-hw-mul\libc.a(lib_a-readr.o)
                0x0000000008013254                _read_r
 .text          0x00000000080132b4        0x0 c:/intelfpga_lite/17.0/nios2eds/bin/gnu/h-x86_64-mingw32/bin/../lib/gcc/nios2-elf/5.3.0/../../../../../H-x86_64-mingw32/nios2-elf/lib/mno-hw-mul\libc.a(lib_a-realloc.o)
 .text.realloc  0x00000000080132b4       0x18 c:/intelfpga_lite/17.0/nios2eds/bin/gnu/h-x86_64-mingw32/bin/../lib/gcc/nios2-elf/5.3.0/../../../../../H-x86_64-mingw32/nios2-elf/lib/mno-hw-mul\libc.a(lib_a-realloc.o)
                0x00000000080132b4                realloc
 .text          0x00000000080132cc        0x0 c:/intelfpga_lite/17.0/nios2eds/bin/gnu/h-x86_64-mingw32/bin/../lib/gcc/nios2-elf/5.3.0/../../../../../H-x86_64-mingw32/nios2-elf/lib/mno-hw-mul\libc.a(lib_a-reallocr.o)
 .text._realloc_r
                0x00000000080132cc      0x564 c:/intelfpga_lite/17.0/nios2eds/bin/gnu/h-x86_64-mingw32/bin/../lib/gcc/nios2-elf/5.3.0/../../../../../H-x86_64-mingw32/nios2-elf/lib/mno-hw-mul\libc.a(lib_a-reallocr.o)
                0x00000000080132cc                _realloc_r
 .text          0x0000000008013830        0x0 c:/intelfpga_lite/17.0/nios2eds/bin/gnu/h-x86_64-mingw32/bin/../lib/gcc/nios2-elf/5.3.0/../../../../../H-x86_64-mingw32/nios2-elf/lib/mno-hw-mul\libc.a(lib_a-errno.o)
 .text.__errno  0x0000000008013830       0x10 c:/intelfpga_lite/17.0/nios2eds/bin/gnu/h-x86_64-mingw32/bin/../lib/gcc/nios2-elf/5.3.0/../../../../../H-x86_64-mingw32/nios2-elf/lib/mno-hw-mul\libc.a(lib_a-errno.o)
                0x0000000008013830                __errno
 .text          0x0000000008013840        0x0 c:/intelfpga_lite/17.0/nios2eds/bin/gnu/h-x86_64-mingw32/bin/../lib/gcc/nios2-elf/5.3.0/../../../../../H-x86_64-mingw32/nios2-elf/lib/mno-hw-mul\libc.a(lib_a-getc_u.o)
 .text._getc_unlocked_r
                0x0000000008013840       0x28 c:/intelfpga_lite/17.0/nios2eds/bin/gnu/h-x86_64-mingw32/bin/../lib/gcc/nios2-elf/5.3.0/../../../../../H-x86_64-mingw32/nios2-elf/lib/mno-hw-mul\libc.a(lib_a-getc_u.o)
                0x0000000008013840                _getc_unlocked_r
 .text.getc_unlocked
                0x0000000008013868       0x38 c:/intelfpga_lite/17.0/nios2eds/bin/gnu/h-x86_64-mingw32/bin/../lib/gcc/nios2-elf/5.3.0/../../../../../H-x86_64-mingw32/nios2-elf/lib/mno-hw-mul\libc.a(lib_a-getc_u.o)
                0x0000000008013868                getc_unlocked
 .text          0x00000000080138a0        0x0 c:/intelfpga_lite/17.0/nios2eds/bin/gnu/h-x86_64-mingw32/bin/../lib/gcc/nios2-elf/5.3.0/../../../../../H-x86_64-mingw32/nios2-elf/lib/mno-hw-mul\libc.a(lib_a-memmove.o)
 .text.memmove  0x00000000080138a0      0x15c c:/intelfpga_lite/17.0/nios2eds/bin/gnu/h-x86_64-mingw32/bin/../lib/gcc/nios2-elf/5.3.0/../../../../../H-x86_64-mingw32/nios2-elf/lib/mno-hw-mul\libc.a(lib_a-memmove.o)
                0x00000000080138a0                memmove
 .text          0x00000000080139fc        0x0 c:/intelfpga_lite/17.0/nios2eds/bin/gnu/h-x86_64-mingw32/bin/../lib/gcc/nios2-elf/5.3.0/../../../../../H-x86_64-mingw32/nios2-elf/lib/mno-hw-mul\libc.a(lib_a-rget.o)
 .text.__srget_r
                0x00000000080139fc       0x74 c:/intelfpga_lite/17.0/nios2eds/bin/gnu/h-x86_64-mingw32/bin/../lib/gcc/nios2-elf/5.3.0/../../../../../H-x86_64-mingw32/nios2-elf/lib/mno-hw-mul\libc.a(lib_a-rget.o)
                0x00000000080139fc                __srget_r
 .text.__srget  0x0000000008013a70       0x14 c:/intelfpga_lite/17.0/nios2eds/bin/gnu/h-x86_64-mingw32/bin/../lib/gcc/nios2-elf/5.3.0/../../../../../H-x86_64-mingw32/nios2-elf/lib/mno-hw-mul\libc.a(lib_a-rget.o)
                0x0000000008013a70                __srget
 .text          0x0000000008013a84      0x1b4 c:/intelfpga_lite/17.0/nios2eds/bin/gnu/h-x86_64-mingw32/bin/../lib/gcc/nios2-elf/5.3.0/mno-hw-mul\libgcc.a(lib2-divmod.o)
                0x0000000008013a84                __divsi3
                0x0000000008013b08                __modsi3
                0x0000000008013b7c                __udivsi3
                0x0000000008013be0                __umodsi3
 .text          0x0000000008013c38       0x28 c:/intelfpga_lite/17.0/nios2eds/bin/gnu/h-x86_64-mingw32/bin/../lib/gcc/nios2-elf/5.3.0/mno-hw-mul\libgcc.a(lib2-mul.o)
                0x0000000008013c38                __mulsi3
 .text          0x0000000008013c60      0x114 ../host_fs_bsp/\libhal_bsp.a(alt_close.o)
                0x0000000008013c9c                close
 .text          0x0000000008013d74       0x2c ../host_fs_bsp/\libhal_bsp.a(alt_dev.o)
 .text          0x0000000008013da0        0x0 ../host_fs_bsp/\libhal_bsp.a(alt_errno.o)
 .text          0x0000000008013da0       0x34 ../host_fs_bsp/\libhal_bsp.a(alt_exit.o)
                0x0000000008013da0                _exit
 .text          0x0000000008013dd4       0xf4 ../host_fs_bsp/\libhal_bsp.a(alt_fstat.o)
                0x0000000008013e10                fstat
 .text          0x0000000008013ec8       0xe8 ../host_fs_bsp/\libhal_bsp.a(alt_isatty.o)
                0x0000000008013f04                isatty
 .text          0x0000000008013fb0       0xec ../host_fs_bsp/\libhal_bsp.a(alt_load.o)
                0x0000000008014018                alt_load
 .text          0x000000000801409c      0x118 ../host_fs_bsp/\libhal_bsp.a(alt_lseek.o)
                0x00000000080140d8                lseek
 .text          0x00000000080141b4       0x6c ../host_fs_bsp/\libhal_bsp.a(alt_main.o)
                0x00000000080141b4                alt_main
 .text          0x0000000008014220       0x48 ../host_fs_bsp/\libhal_bsp.a(alt_malloc_lock.o)
                0x0000000008014220                __malloc_lock
                0x0000000008014244                __malloc_unlock
 .text          0x0000000008014268      0x284 ../host_fs_bsp/\libhal_bsp.a(alt_open.o)
                0x0000000008014390                open
 .text          0x00000000080144ec      0x22c ../host_fs_bsp/\libhal_bsp.a(alt_printf.o)
                0x00000000080144ec                alt_printf
 .text          0x0000000008014718       0x3c ../host_fs_bsp/\libhal_bsp.a(alt_putchar.o)
                0x0000000008014718                alt_putchar
 .text          0x0000000008014754      0x140 ../host_fs_bsp/\libhal_bsp.a(alt_read.o)
                0x0000000008014790                read
 .text          0x0000000008014894       0x84 ../host_fs_bsp/\libhal_bsp.a(alt_release_fd.o)
                0x0000000008014894                alt_release_fd
 .text          0x0000000008014918       0xb0 ../host_fs_bsp/\libhal_bsp.a(alt_sbrk.o)
                0x0000000008014918                sbrk
 .text          0x00000000080149c8      0x13c ../host_fs_bsp/\libhal_bsp.a(alt_write.o)
                0x0000000008014a04                write
 .text          0x0000000008014b04       0xd0 ../host_fs_bsp/\libhal_bsp.a(alt_sys_init.o)
                0x0000000008014b38                alt_irq_init
                0x0000000008014b70                alt_sys_init
 .text          0x0000000008014bd4     0x439c ../host_fs_bsp/\libhal_bsp.a(Altera_UP_SD_Card_Avalon_Interface.o)
                0x0000000008014bd4                Write_Sector_Data
                0x0000000008014c88                Save_Modified_Sector
                0x0000000008014cd4                Read_Sector_Data
                0x0000000008014dac                get_cluster_flag
                0x0000000008014e60                mark_cluster
                0x0000000008014f40                Check_for_Master_Boot_Record
                0x00000000080150e4                Read_File_Record_At_Offset
                0x0000000008015360                Write_File_Record_At_Offset
                0x00000000080155ec                Check_for_DOS_FAT
                0x0000000008015c8c                Look_for_FAT16
                0x0000000008015d78                filename_to_upper_case
                0x0000000008015e3c                check_file_name_for_FAT16_compliance
                0x00000000080160a8                get_dir_divider_location
                0x0000000008016160                match_file_record_to_name_ext
                0x00000000080163fc                get_home_directory_cluster_for_file
                0x0000000008016944                find_file_in_directory
                0x0000000008016dc8                find_first_empty_cluster
                0x0000000008016f84                find_first_empty_record_in_a_subdirectory
                0x00000000080171d8                find_first_empty_record_in_root_directory
                0x000000000801730c                convert_filename_to_name_extension
                0x0000000008017498                create_file
                0x0000000008017770                copy_file_record_name_to_string
                0x00000000080178b8                alt_up_sd_card_open_dev
                0x0000000008017974                alt_up_sd_card_is_Present
                0x0000000008017a38                alt_up_sd_card_is_FAT16
                0x0000000008017aa4                alt_up_sd_card_find_first
                0x0000000008017b74                alt_up_sd_card_find_next
                0x0000000008017f3c                alt_up_sd_card_fopen
                0x00000000080182b8                alt_up_sd_card_set_attributes
                0x0000000008018340                alt_up_sd_card_get_attributes
                0x00000000080183c8                alt_up_sd_card_read
                0x0000000008018758                alt_up_sd_card_write
                0x0000000008018da4                alt_up_sd_card_fclose
 .text          0x0000000008018f70      0x164 ../host_fs_bsp/\libhal_bsp.a(altera_avalon_jtag_uart_fd.o)
                0x0000000008018f70                altera_avalon_jtag_uart_read_fd
                0x0000000008018fd0                altera_avalon_jtag_uart_write_fd
                0x0000000008019030                altera_avalon_jtag_uart_close_fd
                0x0000000008019080                altera_avalon_jtag_uart_ioctl_fd
 .text          0x00000000080190d4      0x3d4 ../host_fs_bsp/\libhal_bsp.a(altera_avalon_jtag_uart_init.o)
                0x00000000080190d4                altera_avalon_jtag_uart_init
                0x0000000008019440                altera_avalon_jtag_uart_close
 .text          0x00000000080194a8       0xf0 ../host_fs_bsp/\libhal_bsp.a(altera_avalon_jtag_uart_ioctl.o)
                0x00000000080194a8                altera_avalon_jtag_uart_ioctl
 .text          0x0000000008019598      0x21c ../host_fs_bsp/\libhal_bsp.a(altera_avalon_jtag_uart_read.o)
                0x0000000008019598                altera_avalon_jtag_uart_read
 .text          0x00000000080197b4      0x224 ../host_fs_bsp/\libhal_bsp.a(altera_avalon_jtag_uart_write.o)
                0x00000000080197b4                altera_avalon_jtag_uart_write
 .text          0x00000000080199d8      0x484 ../host_fs_bsp/\libhal_bsp.a(altera_hostfs.o)
                0x00000000080199d8                alt_hostfs_open
                0x0000000008019af4                alt_hostfs_close
                0x0000000008019b38                alt_hostfs_read
                0x0000000008019ba4                alt_hostfs_write
                0x0000000008019c10                alt_hostfs_seek
                0x0000000008019c78                alt_hostfs_fstat
 .text          0x0000000008019e5c      0x12c ../host_fs_bsp/\libhal_bsp.a(alt_alarm_start.o)
                0x0000000008019e5c                alt_alarm_start
 .text          0x0000000008019f88       0x20 ../host_fs_bsp/\libhal_bsp.a(alt_dcache_flush_all.o)
                0x0000000008019f88                alt_dcache_flush_all
 .text          0x0000000008019fa8       0xe0 ../host_fs_bsp/\libhal_bsp.a(alt_dev_llist_insert.o)
                0x0000000008019fe4                alt_dev_llist_insert
 .text          0x000000000801a088       0x90 ../host_fs_bsp/\libhal_bsp.a(alt_find_dev.o)
                0x000000000801a088                alt_find_dev
 .text          0x000000000801a118      0x108 ../host_fs_bsp/\libhal_bsp.a(alt_find_file.o)
                0x000000000801a118                alt_find_file
 .text          0x000000000801a220       0x80 ../host_fs_bsp/\libhal_bsp.a(alt_fs_reg.o)
                0x000000000801a220                alt_fs_reg
 .text          0x000000000801a2a0       0xc4 ../host_fs_bsp/\libhal_bsp.a(alt_get_fd.o)
                0x000000000801a2a0                alt_get_fd
 .text          0x000000000801a364       0x20 ../host_fs_bsp/\libhal_bsp.a(alt_icache_flush_all.o)
                0x000000000801a364                alt_icache_flush_all
 .text          0x000000000801a384      0x1b0 ../host_fs_bsp/\libhal_bsp.a(alt_iic.o)
                0x000000000801a384                alt_ic_isr_register
                0x000000000801a3d4                alt_ic_irq_enable
                0x000000000801a45c                alt_ic_irq_disable
                0x000000000801a4e8                alt_ic_irq_enabled
 .text          0x000000000801a534       0xf0 ../host_fs_bsp/\libhal_bsp.a(alt_iic_isr_register.o)
                0x000000000801a534                alt_iic_isr_register
 .text          0x000000000801a624      0x160 ../host_fs_bsp/\libhal_bsp.a(alt_io_redirect.o)
                0x000000000801a708                alt_io_redirect
 .text          0x000000000801a784        0x0 ../host_fs_bsp/\libhal_bsp.a(alt_irq_entry.o)
 .text          0x000000000801a784        0x0 ../host_fs_bsp/\libhal_bsp.a(alt_irq_handler.o)
 .text          0x000000000801a784        0x0 ../host_fs_bsp/\libhal_bsp.a(alt_irq_vars.o)
 .text          0x000000000801a784      0x1a4 ../host_fs_bsp/\libhal_bsp.a(alt_tick.o)
                0x000000000801a784                alt_alarm_stop
                0x000000000801a820                alt_tick
 .text          0x000000000801a928       0x24 ../host_fs_bsp/\libhal_bsp.a(altera_nios2_gen2_irq.o)
                0x000000000801a928                altera_nios2_gen2_irq_init
 .text          0x000000000801a94c        0x0 ../host_fs_bsp/\libhal_bsp.a(alt_exception_entry.o)
 .text          0x000000000801a94c       0x9c ../host_fs_bsp/\libhal_bsp.a(alt_instruction_exception_entry.o)
                0x000000000801a94c                alt_exception_cause_generated_bad_addr
 .text          0x000000000801a9e8        0x0 c:/intelfpga_lite/17.0/nios2eds/bin/gnu/h-x86_64-mingw32/bin/../lib/gcc/nios2-elf/5.3.0/../../../../../H-x86_64-mingw32/nios2-elf/lib/mno-hw-mul\libc.a(lib_a-memcmp.o)
 .text.memcmp   0x000000000801a9e8       0x7c c:/intelfpga_lite/17.0/nios2eds/bin/gnu/h-x86_64-mingw32/bin/../lib/gcc/nios2-elf/5.3.0/../../../../../H-x86_64-mingw32/nios2-elf/lib/mno-hw-mul\libc.a(lib_a-memcmp.o)
                0x000000000801a9e8                memcmp
 .text          0x000000000801aa64        0x0 c:/intelfpga_lite/17.0/nios2eds/bin/gnu/h-x86_64-mingw32/bin/../lib/gcc/nios2-elf/5.3.0/../../../../../H-x86_64-mingw32/nios2-elf/lib/mno-hw-mul\libc.a(lib_a-putc.o)
 .text._putc_r  0x000000000801aa64       0xa0 c:/intelfpga_lite/17.0/nios2eds/bin/gnu/h-x86_64-mingw32/bin/../lib/gcc/nios2-elf/5.3.0/../../../../../H-x86_64-mingw32/nios2-elf/lib/mno-hw-mul\libc.a(lib_a-putc.o)
                0x000000000801aa64                _putc_r
 .text.putc     0x000000000801ab04       0xc8 c:/intelfpga_lite/17.0/nios2eds/bin/gnu/h-x86_64-mingw32/bin/../lib/gcc/nios2-elf/5.3.0/../../../../../H-x86_64-mingw32/nios2-elf/lib/mno-hw-mul\libc.a(lib_a-putc.o)
                0x000000000801ab04                putc
 .text          0x000000000801abcc        0x0 c:/intelfpga_lite/17.0/nios2eds/bin/gnu/h-x86_64-mingw32/bin/../lib/gcc/nios2-elf/5.3.0/../../../../../H-x86_64-mingw32/nios2-elf/lib/mno-hw-mul\libc.a(lib_a-strlen.o)
 .text.strlen   0x000000000801abcc       0x98 c:/intelfpga_lite/17.0/nios2eds/bin/gnu/h-x86_64-mingw32/bin/../lib/gcc/nios2-elf/5.3.0/../../../../../H-x86_64-mingw32/nios2-elf/lib/mno-hw-mul\libc.a(lib_a-strlen.o)
                0x000000000801abcc                strlen
 .text          0x000000000801ac64        0x0 c:/intelfpga_lite/17.0/nios2eds/bin/gnu/h-x86_64-mingw32/bin/../lib/gcc/nios2-elf/5.3.0/../../../../../H-x86_64-mingw32/nios2-elf/lib/mno-hw-mul\libc.a(lib_a-wbuf.o)
 .text.__swbuf_r
                0x000000000801ac64      0x140 c:/intelfpga_lite/17.0/nios2eds/bin/gnu/h-x86_64-mingw32/bin/../lib/gcc/nios2-elf/5.3.0/../../../../../H-x86_64-mingw32/nios2-elf/lib/mno-hw-mul\libc.a(lib_a-wbuf.o)
                0x000000000801ac64                __swbuf_r
 .text.__swbuf  0x000000000801ada4       0x18 c:/intelfpga_lite/17.0/nios2eds/bin/gnu/h-x86_64-mingw32/bin/../lib/gcc/nios2-elf/5.3.0/../../../../../H-x86_64-mingw32/nios2-elf/lib/mno-hw-mul\libc.a(lib_a-wbuf.o)
                0x000000000801ada4                __swbuf
 .text          0x000000000801adbc        0x0 c:/intelfpga_lite/17.0/nios2eds/bin/gnu/h-x86_64-mingw32/bin/../lib/gcc/nios2-elf/5.3.0/../../../../../H-x86_64-mingw32/nios2-elf/lib/mno-hw-mul\libc.a(lib_a-wsetup.o)
 .text.__swsetup_r
                0x000000000801adbc      0x154 c:/intelfpga_lite/17.0/nios2eds/bin/gnu/h-x86_64-mingw32/bin/../lib/gcc/nios2-elf/5.3.0/../../../../../H-x86_64-mingw32/nios2-elf/lib/mno-hw-mul\libc.a(lib_a-wsetup.o)
                0x000000000801adbc                __swsetup_r
 *(.gnu.warning.*)
 *(.fini)
                [!provide]                        PROVIDE (__etext, ABSOLUTE (.))
                [!provide]                        PROVIDE (_etext, ABSOLUTE (.))
                [!provide]                        PROVIDE (etext, ABSOLUTE (.))
 *(.eh_frame_hdr)
                0x000000000801af10                . = ALIGN (0x4)
                [!provide]                        PROVIDE (__preinit_array_start, ABSOLUTE (.))
 *(.preinit_array)
                [!provide]                        PROVIDE (__preinit_array_end, ABSOLUTE (.))
                [!provide]                        PROVIDE (__init_array_start, ABSOLUTE (.))
 *(.init_array)
                [!provide]                        PROVIDE (__init_array_end, ABSOLUTE (.))
                [!provide]                        PROVIDE (__fini_array_start, ABSOLUTE (.))
 *(.fini_array)
                [!provide]                        PROVIDE (__fini_array_end, ABSOLUTE (.))
 *(.eh_frame)
 *(.gcc_except_table .gcc_except_table.*)
 *(.dynamic)
                [!provide]                        PROVIDE (__CTOR_LIST__, ABSOLUTE (.))
 *(.ctors)
 *(SORT(.ctors.*))
                [!provide]                        PROVIDE (__CTOR_END__, ABSOLUTE (.))
                [!provide]                        PROVIDE (__DTOR_LIST__, ABSOLUTE (.))
 *(.dtors)
 *(SORT(.dtors.*))
                [!provide]                        PROVIDE (__DTOR_END__, ABSOLUTE (.))
 *(.jcr)
                0x000000000801af10                . = ALIGN (0x4)

.rodata         0x000000000801af10      0x670
                0x000000000801af10                PROVIDE (__ram_rodata_start, ABSOLUTE (.))
                0x000000000801af10                . = ALIGN (0x4)
 *(.rodata .rodata.* .gnu.linkonce.r.*)
 .rodata        0x000000000801af10      0x38a obj/default/main.o
 *fill*         0x000000000801b29a        0x2 
 .rodata.str1.4
                0x000000000801b29c        0x4 c:/intelfpga_lite/17.0/nios2eds/bin/gnu/h-x86_64-mingw32/bin/../lib/gcc/nios2-elf/5.3.0/../../../../../H-x86_64-mingw32/nios2-elf/lib/mno-hw-mul\libc.a(lib_a-impure.o)
                                          0x2 (size before relaxing)
 .rodata._ctype_
                0x000000000801b2a0      0x101 c:/intelfpga_lite/17.0/nios2eds/bin/gnu/h-x86_64-mingw32/bin/../lib/gcc/nios2-elf/5.3.0/../../../../../H-x86_64-mingw32/nios2-elf/lib/mno-hw-mul\libc.a(lib_a-ctype_.o)
                0x000000000801b2a0                _ctype_
 .rodata._ctype_b
                0x000000000801b3a1      0x180 c:/intelfpga_lite/17.0/nios2eds/bin/gnu/h-x86_64-mingw32/bin/../lib/gcc/nios2-elf/5.3.0/../../../../../H-x86_64-mingw32/nios2-elf/lib/mno-hw-mul\libc.a(lib_a-ctype_.o)
 *fill*         0x000000000801b521        0x3 
 .rodata        0x000000000801b524        0xa ../host_fs_bsp/\libhal_bsp.a(alt_dev.o)
 *fill*         0x000000000801b52e        0x2 
 .rodata        0x000000000801b530        0xa ../host_fs_bsp/\libhal_bsp.a(alt_main.o)
 *fill*         0x000000000801b53a        0x2 
 .rodata        0x000000000801b53c       0x42 ../host_fs_bsp/\libhal_bsp.a(alt_sys_init.o)
 *(.rodata1)
                0x000000000801b580                . = ALIGN (0x4)
 *fill*         0x000000000801b57e        0x2 
                0x000000000801b580                PROVIDE (__ram_rodata_end, ABSOLUTE (.))
                0x000000000801af10                PROVIDE (__flash_rodata_start, LOADADDR (.rodata))

.rwdata         0x000000000801b580     0x1b0c load address 0x000000000801d08c
                0x000000000801b580                PROVIDE (__ram_rwdata_start, ABSOLUTE (.))
                0x000000000801b580                . = ALIGN (0x4)
 *(.got.plt)
 *(.got)
 *(.data1)
 *(.data .data.* .gnu.linkonce.d.*)
 .data          0x000000000801b580        0x0 ../host_fs_bsp//obj/HAL/src/crt0.o
 .data          0x000000000801b580        0x0 obj/default/main.o
 .data          0x000000000801b580        0x0 c:/intelfpga_lite/17.0/nios2eds/bin/gnu/h-x86_64-mingw32/bin/../lib/gcc/nios2-elf/5.3.0/../../../../../H-x86_64-mingw32/nios2-elf/lib/mno-hw-mul\libc.a(lib_a-atoi.o)
 .data          0x000000000801b580        0x0 c:/intelfpga_lite/17.0/nios2eds/bin/gnu/h-x86_64-mingw32/bin/../lib/gcc/nios2-elf/5.3.0/../../../../../H-x86_64-mingw32/nios2-elf/lib/mno-hw-mul\libc.a(lib_a-exit.o)
 .data          0x000000000801b580        0x0 c:/intelfpga_lite/17.0/nios2eds/bin/gnu/h-x86_64-mingw32/bin/../lib/gcc/nios2-elf/5.3.0/../../../../../H-x86_64-mingw32/nios2-elf/lib/mno-hw-mul\libc.a(lib_a-fclose.o)
 .data          0x000000000801b580        0x0 c:/intelfpga_lite/17.0/nios2eds/bin/gnu/h-x86_64-mingw32/bin/../lib/gcc/nios2-elf/5.3.0/../../../../../H-x86_64-mingw32/nios2-elf/lib/mno-hw-mul\libc.a(lib_a-fflush.o)
 .data          0x000000000801b580        0x0 c:/intelfpga_lite/17.0/nios2eds/bin/gnu/h-x86_64-mingw32/bin/../lib/gcc/nios2-elf/5.3.0/../../../../../H-x86_64-mingw32/nios2-elf/lib/mno-hw-mul\libc.a(lib_a-findfp.o)
 .data          0x000000000801b580        0x0 c:/intelfpga_lite/17.0/nios2eds/bin/gnu/h-x86_64-mingw32/bin/../lib/gcc/nios2-elf/5.3.0/../../../../../H-x86_64-mingw32/nios2-elf/lib/mno-hw-mul\libc.a(lib_a-fopen.o)
 .data          0x000000000801b580        0x0 c:/intelfpga_lite/17.0/nios2eds/bin/gnu/h-x86_64-mingw32/bin/../lib/gcc/nios2-elf/5.3.0/../../../../../H-x86_64-mingw32/nios2-elf/lib/mno-hw-mul\libc.a(lib_a-freer.o)
 .data          0x000000000801b580        0x0 c:/intelfpga_lite/17.0/nios2eds/bin/gnu/h-x86_64-mingw32/bin/../lib/gcc/nios2-elf/5.3.0/../../../../../H-x86_64-mingw32/nios2-elf/lib/mno-hw-mul\libc.a(lib_a-fseek.o)
 .data          0x000000000801b580        0x0 c:/intelfpga_lite/17.0/nios2eds/bin/gnu/h-x86_64-mingw32/bin/../lib/gcc/nios2-elf/5.3.0/../../../../../H-x86_64-mingw32/nios2-elf/lib/mno-hw-mul\libc.a(lib_a-fseeko.o)
 .data          0x000000000801b580        0x0 c:/intelfpga_lite/17.0/nios2eds/bin/gnu/h-x86_64-mingw32/bin/../lib/gcc/nios2-elf/5.3.0/../../../../../H-x86_64-mingw32/nios2-elf/lib/mno-hw-mul\libc.a(lib_a-fstatr.o)
 .data          0x000000000801b580        0x0 c:/intelfpga_lite/17.0/nios2eds/bin/gnu/h-x86_64-mingw32/bin/../lib/gcc/nios2-elf/5.3.0/../../../../../H-x86_64-mingw32/nios2-elf/lib/mno-hw-mul\libc.a(lib_a-fwalk.o)
 .data          0x000000000801b580        0x0 c:/intelfpga_lite/17.0/nios2eds/bin/gnu/h-x86_64-mingw32/bin/../lib/gcc/nios2-elf/5.3.0/../../../../../H-x86_64-mingw32/nios2-elf/lib/mno-hw-mul\libc.a(lib_a-getline.o)
 .data          0x000000000801b580        0x0 c:/intelfpga_lite/17.0/nios2eds/bin/gnu/h-x86_64-mingw32/bin/../lib/gcc/nios2-elf/5.3.0/../../../../../H-x86_64-mingw32/nios2-elf/lib/mno-hw-mul\libc.a(lib_a-impure.o)
 .data.impure_data
                0x000000000801b580      0x424 c:/intelfpga_lite/17.0/nios2eds/bin/gnu/h-x86_64-mingw32/bin/../lib/gcc/nios2-elf/5.3.0/../../../../../H-x86_64-mingw32/nios2-elf/lib/mno-hw-mul\libc.a(lib_a-impure.o)
 .data          0x000000000801b9a4        0x0 c:/intelfpga_lite/17.0/nios2eds/bin/gnu/h-x86_64-mingw32/bin/../lib/gcc/nios2-elf/5.3.0/../../../../../H-x86_64-mingw32/nios2-elf/lib/mno-hw-mul\libc.a(lib_a-int_errno.o)
 .data          0x000000000801b9a4        0x0 c:/intelfpga_lite/17.0/nios2eds/bin/gnu/h-x86_64-mingw32/bin/../lib/gcc/nios2-elf/5.3.0/../../../../../H-x86_64-mingw32/nios2-elf/lib/mno-hw-mul\libc.a(lib_a-itoa.o)
 .data          0x000000000801b9a4        0x0 c:/intelfpga_lite/17.0/nios2eds/bin/gnu/h-x86_64-mingw32/bin/../lib/gcc/nios2-elf/5.3.0/../../../../../H-x86_64-mingw32/nios2-elf/lib/mno-hw-mul\libc.a(lib_a-makebuf.o)
 .data          0x000000000801b9a4        0x0 c:/intelfpga_lite/17.0/nios2eds/bin/gnu/h-x86_64-mingw32/bin/../lib/gcc/nios2-elf/5.3.0/../../../../../H-x86_64-mingw32/nios2-elf/lib/mno-hw-mul\libc.a(lib_a-mallocr.o)
 .data.__malloc_av_
                0x000000000801b9a4      0x408 c:/intelfpga_lite/17.0/nios2eds/bin/gnu/h-x86_64-mingw32/bin/../lib/gcc/nios2-elf/5.3.0/../../../../../H-x86_64-mingw32/nios2-elf/lib/mno-hw-mul\libc.a(lib_a-mallocr.o)
                0x000000000801b9a4                __malloc_av_
 .data          0x000000000801bdac        0x0 c:/intelfpga_lite/17.0/nios2eds/bin/gnu/h-x86_64-mingw32/bin/../lib/gcc/nios2-elf/5.3.0/../../../../../H-x86_64-mingw32/nios2-elf/lib/mno-hw-mul\libc.a(lib_a-memcpy.o)
 .data          0x000000000801bdac        0x0 c:/intelfpga_lite/17.0/nios2eds/bin/gnu/h-x86_64-mingw32/bin/../lib/gcc/nios2-elf/5.3.0/../../../../../H-x86_64-mingw32/nios2-elf/lib/mno-hw-mul\libc.a(lib_a-memset.o)
 .data          0x000000000801bdac        0x0 c:/intelfpga_lite/17.0/nios2eds/bin/gnu/h-x86_64-mingw32/bin/../lib/gcc/nios2-elf/5.3.0/../../../../../H-x86_64-mingw32/nios2-elf/lib/mno-hw-mul\libc.a(lib_a-openr.o)
 .data          0x000000000801bdac        0x0 c:/intelfpga_lite/17.0/nios2eds/bin/gnu/h-x86_64-mingw32/bin/../lib/gcc/nios2-elf/5.3.0/../../../../../H-x86_64-mingw32/nios2-elf/lib/mno-hw-mul\libc.a(lib_a-refill.o)
 .data          0x000000000801bdac        0x0 c:/intelfpga_lite/17.0/nios2eds/bin/gnu/h-x86_64-mingw32/bin/../lib/gcc/nios2-elf/5.3.0/../../../../../H-x86_64-mingw32/nios2-elf/lib/mno-hw-mul\libc.a(lib_a-sbrkr.o)
 .data          0x000000000801bdac        0x0 c:/intelfpga_lite/17.0/nios2eds/bin/gnu/h-x86_64-mingw32/bin/../lib/gcc/nios2-elf/5.3.0/../../../../../H-x86_64-mingw32/nios2-elf/lib/mno-hw-mul\libc.a(lib_a-stdio.o)
 .data          0x000000000801bdac        0x0 c:/intelfpga_lite/17.0/nios2eds/bin/gnu/h-x86_64-mingw32/bin/../lib/gcc/nios2-elf/5.3.0/../../../../../H-x86_64-mingw32/nios2-elf/lib/mno-hw-mul\libc.a(lib_a-strtok.o)
 .data          0x000000000801bdac        0x0 c:/intelfpga_lite/17.0/nios2eds/bin/gnu/h-x86_64-mingw32/bin/../lib/gcc/nios2-elf/5.3.0/../../../../../H-x86_64-mingw32/nios2-elf/lib/mno-hw-mul\libc.a(lib_a-strtok_r.o)
 .data          0x000000000801bdac        0x0 c:/intelfpga_lite/17.0/nios2eds/bin/gnu/h-x86_64-mingw32/bin/../lib/gcc/nios2-elf/5.3.0/../../../../../H-x86_64-mingw32/nios2-elf/lib/mno-hw-mul\libc.a(lib_a-strtol.o)
 .data          0x000000000801bdac        0x0 c:/intelfpga_lite/17.0/nios2eds/bin/gnu/h-x86_64-mingw32/bin/../lib/gcc/nios2-elf/5.3.0/../../../../../H-x86_64-mingw32/nios2-elf/lib/mno-hw-mul\libc.a(lib_a-utoa.o)
 .data          0x000000000801bdac        0x0 c:/intelfpga_lite/17.0/nios2eds/bin/gnu/h-x86_64-mingw32/bin/../lib/gcc/nios2-elf/5.3.0/../../../../../H-x86_64-mingw32/nios2-elf/lib/mno-hw-mul\libc.a(lib_a-writer.o)
 .data          0x000000000801bdac        0x0 c:/intelfpga_lite/17.0/nios2eds/bin/gnu/h-x86_64-mingw32/bin/../lib/gcc/nios2-elf/5.3.0/../../../../../H-x86_64-mingw32/nios2-elf/lib/mno-hw-mul\libc.a(closer.o)
 .data          0x000000000801bdac        0x0 c:/intelfpga_lite/17.0/nios2eds/bin/gnu/h-x86_64-mingw32/bin/../lib/gcc/nios2-elf/5.3.0/../../../../../H-x86_64-mingw32/nios2-elf/lib/mno-hw-mul\libc.a(lib_a-__call_atexit.o)
 .data          0x000000000801bdac        0x0 c:/intelfpga_lite/17.0/nios2eds/bin/gnu/h-x86_64-mingw32/bin/../lib/gcc/nios2-elf/5.3.0/../../../../../H-x86_64-mingw32/nios2-elf/lib/mno-hw-mul\libc.a(lib_a-ctype_.o)
 .data          0x000000000801bdac        0x0 c:/intelfpga_lite/17.0/nios2eds/bin/gnu/h-x86_64-mingw32/bin/../lib/gcc/nios2-elf/5.3.0/../../../../../H-x86_64-mingw32/nios2-elf/lib/mno-hw-mul\libc.a(lib_a-flags.o)
 .data          0x000000000801bdac        0x0 c:/intelfpga_lite/17.0/nios2eds/bin/gnu/h-x86_64-mingw32/bin/../lib/gcc/nios2-elf/5.3.0/../../../../../H-x86_64-mingw32/nios2-elf/lib/mno-hw-mul\libc.a(lib_a-getdelim.o)
 .data          0x000000000801bdac        0x0 c:/intelfpga_lite/17.0/nios2eds/bin/gnu/h-x86_64-mingw32/bin/../lib/gcc/nios2-elf/5.3.0/../../../../../H-x86_64-mingw32/nios2-elf/lib/mno-hw-mul\libc.a(lib_a-isattyr.o)
 .data          0x000000000801bdac        0x0 c:/intelfpga_lite/17.0/nios2eds/bin/gnu/h-x86_64-mingw32/bin/../lib/gcc/nios2-elf/5.3.0/../../../../../H-x86_64-mingw32/nios2-elf/lib/mno-hw-mul\libc.a(lib_a-lseekr.o)
 .data          0x000000000801bdac        0x0 c:/intelfpga_lite/17.0/nios2eds/bin/gnu/h-x86_64-mingw32/bin/../lib/gcc/nios2-elf/5.3.0/../../../../../H-x86_64-mingw32/nios2-elf/lib/mno-hw-mul\libc.a(lib_a-readr.o)
 .data          0x000000000801bdac        0x0 c:/intelfpga_lite/17.0/nios2eds/bin/gnu/h-x86_64-mingw32/bin/../lib/gcc/nios2-elf/5.3.0/../../../../../H-x86_64-mingw32/nios2-elf/lib/mno-hw-mul\libc.a(lib_a-realloc.o)
 .data          0x000000000801bdac        0x0 c:/intelfpga_lite/17.0/nios2eds/bin/gnu/h-x86_64-mingw32/bin/../lib/gcc/nios2-elf/5.3.0/../../../../../H-x86_64-mingw32/nios2-elf/lib/mno-hw-mul\libc.a(lib_a-reallocr.o)
 .data          0x000000000801bdac        0x0 c:/intelfpga_lite/17.0/nios2eds/bin/gnu/h-x86_64-mingw32/bin/../lib/gcc/nios2-elf/5.3.0/../../../../../H-x86_64-mingw32/nios2-elf/lib/mno-hw-mul\libc.a(lib_a-errno.o)
 .data          0x000000000801bdac        0x0 c:/intelfpga_lite/17.0/nios2eds/bin/gnu/h-x86_64-mingw32/bin/../lib/gcc/nios2-elf/5.3.0/../../../../../H-x86_64-mingw32/nios2-elf/lib/mno-hw-mul\libc.a(lib_a-getc_u.o)
 .data          0x000000000801bdac        0x0 c:/intelfpga_lite/17.0/nios2eds/bin/gnu/h-x86_64-mingw32/bin/../lib/gcc/nios2-elf/5.3.0/../../../../../H-x86_64-mingw32/nios2-elf/lib/mno-hw-mul\libc.a(lib_a-memmove.o)
 .data          0x000000000801bdac        0x0 c:/intelfpga_lite/17.0/nios2eds/bin/gnu/h-x86_64-mingw32/bin/../lib/gcc/nios2-elf/5.3.0/../../../../../H-x86_64-mingw32/nios2-elf/lib/mno-hw-mul\libc.a(lib_a-rget.o)
 .data          0x000000000801bdac        0x0 c:/intelfpga_lite/17.0/nios2eds/bin/gnu/h-x86_64-mingw32/bin/../lib/gcc/nios2-elf/5.3.0/mno-hw-mul\libgcc.a(lib2-divmod.o)
 .data          0x000000000801bdac        0x0 c:/intelfpga_lite/17.0/nios2eds/bin/gnu/h-x86_64-mingw32/bin/../lib/gcc/nios2-elf/5.3.0/mno-hw-mul\libgcc.a(lib2-mul.o)
 .data          0x000000000801bdac        0x0 ../host_fs_bsp/\libhal_bsp.a(alt_close.o)
 .data          0x000000000801bdac      0x1a8 ../host_fs_bsp/\libhal_bsp.a(alt_dev.o)
                0x000000000801bdac                alt_dev_null
                0x000000000801bdd4                alt_fd_list
 .data          0x000000000801bf54        0x0 ../host_fs_bsp/\libhal_bsp.a(alt_errno.o)
 .data          0x000000000801bf54        0x0 ../host_fs_bsp/\libhal_bsp.a(alt_exit.o)
 .data          0x000000000801bf54        0x0 ../host_fs_bsp/\libhal_bsp.a(alt_fstat.o)
 .data          0x000000000801bf54        0x0 ../host_fs_bsp/\libhal_bsp.a(alt_isatty.o)
 .data          0x000000000801bf54        0x0 ../host_fs_bsp/\libhal_bsp.a(alt_load.o)
 .data          0x000000000801bf54        0x0 ../host_fs_bsp/\libhal_bsp.a(alt_lseek.o)
 .data          0x000000000801bf54        0x0 ../host_fs_bsp/\libhal_bsp.a(alt_main.o)
 .data          0x000000000801bf54        0x0 ../host_fs_bsp/\libhal_bsp.a(alt_malloc_lock.o)
 .data          0x000000000801bf54        0x0 ../host_fs_bsp/\libhal_bsp.a(alt_open.o)
 .data          0x000000000801bf54        0x0 ../host_fs_bsp/\libhal_bsp.a(alt_printf.o)
 .data          0x000000000801bf54        0x0 ../host_fs_bsp/\libhal_bsp.a(alt_putchar.o)
 .data          0x000000000801bf54        0x0 ../host_fs_bsp/\libhal_bsp.a(alt_read.o)
 .data          0x000000000801bf54        0x0 ../host_fs_bsp/\libhal_bsp.a(alt_release_fd.o)
 .data          0x000000000801bf54        0x0 ../host_fs_bsp/\libhal_bsp.a(alt_sbrk.o)
 .data          0x000000000801bf54        0x0 ../host_fs_bsp/\libhal_bsp.a(alt_write.o)
 .data          0x000000000801bf54     0x10b4 ../host_fs_bsp/\libhal_bsp.a(alt_sys_init.o)
 .data          0x000000000801d008        0x0 ../host_fs_bsp/\libhal_bsp.a(Altera_UP_SD_Card_Avalon_Interface.o)
 .data          0x000000000801d008        0x0 ../host_fs_bsp/\libhal_bsp.a(altera_avalon_jtag_uart_fd.o)
 .data          0x000000000801d008        0x0 ../host_fs_bsp/\libhal_bsp.a(altera_avalon_jtag_uart_init.o)
 .data          0x000000000801d008        0x0 ../host_fs_bsp/\libhal_bsp.a(altera_avalon_jtag_uart_ioctl.o)
 .data          0x000000000801d008        0x0 ../host_fs_bsp/\libhal_bsp.a(altera_avalon_jtag_uart_read.o)
 .data          0x000000000801d008        0x0 ../host_fs_bsp/\libhal_bsp.a(altera_avalon_jtag_uart_write.o)
 .data          0x000000000801d008        0x0 ../host_fs_bsp/\libhal_bsp.a(altera_hostfs.o)
 .data          0x000000000801d008        0x0 ../host_fs_bsp/\libhal_bsp.a(alt_alarm_start.o)
 .data          0x000000000801d008        0x0 ../host_fs_bsp/\libhal_bsp.a(alt_dcache_flush_all.o)
 .data          0x000000000801d008        0x0 ../host_fs_bsp/\libhal_bsp.a(alt_dev_llist_insert.o)
 .data          0x000000000801d008        0x0 ../host_fs_bsp/\libhal_bsp.a(alt_find_dev.o)
 .data          0x000000000801d008        0x0 ../host_fs_bsp/\libhal_bsp.a(alt_find_file.o)
 .data          0x000000000801d008        0x0 ../host_fs_bsp/\libhal_bsp.a(alt_fs_reg.o)
 .data          0x000000000801d008        0x0 ../host_fs_bsp/\libhal_bsp.a(alt_get_fd.o)
 .data          0x000000000801d008        0x0 ../host_fs_bsp/\libhal_bsp.a(alt_icache_flush_all.o)
 .data          0x000000000801d008        0x0 ../host_fs_bsp/\libhal_bsp.a(alt_iic.o)
 .data          0x000000000801d008        0x0 ../host_fs_bsp/\libhal_bsp.a(alt_iic_isr_register.o)
 .data          0x000000000801d008        0x0 ../host_fs_bsp/\libhal_bsp.a(alt_io_redirect.o)
 .data          0x000000000801d008        0x0 ../host_fs_bsp/\libhal_bsp.a(alt_irq_entry.o)
 .data          0x000000000801d008        0x0 ../host_fs_bsp/\libhal_bsp.a(alt_irq_handler.o)
 .data          0x000000000801d008        0x0 ../host_fs_bsp/\libhal_bsp.a(alt_irq_vars.o)
 .data          0x000000000801d008        0x0 ../host_fs_bsp/\libhal_bsp.a(alt_tick.o)
 .data          0x000000000801d008        0x0 ../host_fs_bsp/\libhal_bsp.a(altera_nios2_gen2_irq.o)
 .data          0x000000000801d008        0x0 ../host_fs_bsp/\libhal_bsp.a(alt_exception_entry.o)
 .data          0x000000000801d008        0x0 ../host_fs_bsp/\libhal_bsp.a(alt_instruction_exception_entry.o)
 .data          0x000000000801d008        0x0 c:/intelfpga_lite/17.0/nios2eds/bin/gnu/h-x86_64-mingw32/bin/../lib/gcc/nios2-elf/5.3.0/../../../../../H-x86_64-mingw32/nios2-elf/lib/mno-hw-mul\libc.a(lib_a-memcmp.o)
 .data          0x000000000801d008        0x0 c:/intelfpga_lite/17.0/nios2eds/bin/gnu/h-x86_64-mingw32/bin/../lib/gcc/nios2-elf/5.3.0/../../../../../H-x86_64-mingw32/nios2-elf/lib/mno-hw-mul\libc.a(lib_a-putc.o)
 .data          0x000000000801d008        0x0 c:/intelfpga_lite/17.0/nios2eds/bin/gnu/h-x86_64-mingw32/bin/../lib/gcc/nios2-elf/5.3.0/../../../../../H-x86_64-mingw32/nios2-elf/lib/mno-hw-mul\libc.a(lib_a-strlen.o)
 .data          0x000000000801d008        0x0 c:/intelfpga_lite/17.0/nios2eds/bin/gnu/h-x86_64-mingw32/bin/../lib/gcc/nios2-elf/5.3.0/../../../../../H-x86_64-mingw32/nios2-elf/lib/mno-hw-mul\libc.a(lib_a-wbuf.o)
 .data          0x000000000801d008        0x0 c:/intelfpga_lite/17.0/nios2eds/bin/gnu/h-x86_64-mingw32/bin/../lib/gcc/nios2-elf/5.3.0/../../../../../H-x86_64-mingw32/nios2-elf/lib/mno-hw-mul\libc.a(lib_a-wsetup.o)
                0x0000000008025008                _gp = ABSOLUTE ((. + 0x8000))
                [!provide]                        PROVIDE (gp, _gp)
 *(.rwdata .rwdata.*)
 *(.sdata .sdata.* .gnu.linkonce.s.*)
 .sdata._global_impure_ptr
                0x000000000801d008        0x4 c:/intelfpga_lite/17.0/nios2eds/bin/gnu/h-x86_64-mingw32/bin/../lib/gcc/nios2-elf/5.3.0/../../../../../H-x86_64-mingw32/nios2-elf/lib/mno-hw-mul\libc.a(lib_a-impure.o)
                0x000000000801d008                _global_impure_ptr
 .sdata._impure_ptr
                0x000000000801d00c        0x4 c:/intelfpga_lite/17.0/nios2eds/bin/gnu/h-x86_64-mingw32/bin/../lib/gcc/nios2-elf/5.3.0/../../../../../H-x86_64-mingw32/nios2-elf/lib/mno-hw-mul\libc.a(lib_a-impure.o)
                0x000000000801d00c                _impure_ptr
 .sdata.__malloc_sbrk_base
                0x000000000801d010        0x4 c:/intelfpga_lite/17.0/nios2eds/bin/gnu/h-x86_64-mingw32/bin/../lib/gcc/nios2-elf/5.3.0/../../../../../H-x86_64-mingw32/nios2-elf/lib/mno-hw-mul\libc.a(lib_a-mallocr.o)
                0x000000000801d010                __malloc_sbrk_base
 .sdata.__malloc_trim_threshold
                0x000000000801d014        0x4 c:/intelfpga_lite/17.0/nios2eds/bin/gnu/h-x86_64-mingw32/bin/../lib/gcc/nios2-elf/5.3.0/../../../../../H-x86_64-mingw32/nios2-elf/lib/mno-hw-mul\libc.a(lib_a-mallocr.o)
                0x000000000801d014                __malloc_trim_threshold
 .sdata.__ctype_ptr__
                0x000000000801d018        0x4 c:/intelfpga_lite/17.0/nios2eds/bin/gnu/h-x86_64-mingw32/bin/../lib/gcc/nios2-elf/5.3.0/../../../../../H-x86_64-mingw32/nios2-elf/lib/mno-hw-mul\libc.a(lib_a-ctype_.o)
                0x000000000801d018                __ctype_ptr__
 .sdata         0x000000000801d01c       0x14 ../host_fs_bsp/\libhal_bsp.a(alt_dev.o)
                0x000000000801d01c                alt_fs_list
                0x000000000801d024                alt_dev_list
                0x000000000801d02c                alt_max_fd
 .sdata         0x000000000801d030        0x4 ../host_fs_bsp/\libhal_bsp.a(alt_errno.o)
                0x000000000801d030                alt_errno
 .sdata         0x000000000801d034        0x4 ../host_fs_bsp/\libhal_bsp.a(alt_sbrk.o)
 .sdata         0x000000000801d038       0x46 ../host_fs_bsp/\libhal_bsp.a(altera_hostfs.o)
 *fill*         0x000000000801d07e        0x2 
 .sdata         0x000000000801d080        0x4 ../host_fs_bsp/\libhal_bsp.a(alt_irq_vars.o)
                0x000000000801d080                alt_priority_mask
 .sdata         0x000000000801d084        0x8 ../host_fs_bsp/\libhal_bsp.a(alt_tick.o)
                0x000000000801d084                alt_alarm_list
 *(.sdata2 .sdata2.* .gnu.linkonce.s2.*)
                0x000000000801d08c                . = ALIGN (0x4)
                0x000000000801d08c                _edata = ABSOLUTE (.)
                [!provide]                        PROVIDE (edata, ABSOLUTE (.))
                0x000000000801d08c                PROVIDE (__ram_rwdata_end, ABSOLUTE (.))
                0x000000000801d08c                PROVIDE (__flash_rwdata_start, LOADADDR (.rwdata))

.bss            0x000000000801eb98      0x6f0
                0x000000000801eb98                __bss_start = ABSOLUTE (.)
                [!provide]                        PROVIDE (__sbss_start, ABSOLUTE (.))
                [!provide]                        PROVIDE (___sbss_start, ABSOLUTE (.))
 *(.dynsbss)
 *(.sbss .sbss.* .gnu.linkonce.sb.*)
 .sbss          0x000000000801eb98        0x4 c:/intelfpga_lite/17.0/nios2eds/bin/gnu/h-x86_64-mingw32/bin/../lib/gcc/nios2-elf/5.3.0/../../../../../H-x86_64-mingw32/nios2-elf/lib/mno-hw-mul\libc.a(lib_a-int_errno.o)
                0x000000000801eb98                errno
 .sbss.__malloc_max_total_mem
                0x000000000801eb9c        0x4 c:/intelfpga_lite/17.0/nios2eds/bin/gnu/h-x86_64-mingw32/bin/../lib/gcc/nios2-elf/5.3.0/../../../../../H-x86_64-mingw32/nios2-elf/lib/mno-hw-mul\libc.a(lib_a-mallocr.o)
                0x000000000801eb9c                __malloc_max_total_mem
 .sbss.__malloc_max_sbrked_mem
                0x000000000801eba0        0x4 c:/intelfpga_lite/17.0/nios2eds/bin/gnu/h-x86_64-mingw32/bin/../lib/gcc/nios2-elf/5.3.0/../../../../../H-x86_64-mingw32/nios2-elf/lib/mno-hw-mul\libc.a(lib_a-mallocr.o)
                0x000000000801eba0                __malloc_max_sbrked_mem
 .sbss.__malloc_top_pad
                0x000000000801eba4        0x4 c:/intelfpga_lite/17.0/nios2eds/bin/gnu/h-x86_64-mingw32/bin/../lib/gcc/nios2-elf/5.3.0/../../../../../H-x86_64-mingw32/nios2-elf/lib/mno-hw-mul\libc.a(lib_a-mallocr.o)
                0x000000000801eba4                __malloc_top_pad
 .sbss          0x000000000801eba8        0xc ../host_fs_bsp/\libhal_bsp.a(alt_main.o)
                0x000000000801eba8                alt_argc
                0x000000000801ebac                alt_argv
                0x000000000801ebb0                alt_envp
 .sbss          0x000000000801ebb4       0x34 ../host_fs_bsp/\libhal_bsp.a(Altera_UP_SD_Card_Avalon_Interface.o)
                0x000000000801ebb4                initialized
                0x000000000801ebb8                is_sd_card_formated_as_FAT16
                0x000000000801ebbc                aux_status_register
                0x000000000801ebc0                status_register
                0x000000000801ebc4                CSD_register_w0
                0x000000000801ebc8                command_register
                0x000000000801ebcc                command_argument_register
                0x000000000801ebd0                buffer_memory
                0x000000000801ebd4                fat_partition_offset_in_512_byte_sectors
                0x000000000801ebd8                fat_partition_size_in_512_byte_sectors
                0x000000000801ebdc                device_pointer
                0x000000000801ebe0                current_sector_modified
                0x000000000801ebe4                current_sector_index
 .sbss          0x000000000801ebe8        0x4 ../host_fs_bsp/\libhal_bsp.a(alt_irq_vars.o)
                0x000000000801ebe8                alt_irq_active
 .sbss          0x000000000801ebec        0x8 ../host_fs_bsp/\libhal_bsp.a(alt_tick.o)
                0x000000000801ebec                _alt_tick_rate
                0x000000000801ebf0                _alt_nticks
 .sbss          0x000000000801ebf4        0x4 ../host_fs_bsp/\libhal_bsp.a(alt_instruction_exception_entry.o)
                0x000000000801ebf4                alt_instruction_exception_handler
 *(.sbss2 .sbss2.* .gnu.linkonce.sb2.*)
 *(.scommon)
                [!provide]                        PROVIDE (__sbss_end, ABSOLUTE (.))
                [!provide]                        PROVIDE (___sbss_end, ABSOLUTE (.))
 *(.dynbss)
 *(.bss .bss.* .gnu.linkonce.b.*)
 .bss           0x000000000801ebf8        0x0 ../host_fs_bsp//obj/HAL/src/crt0.o
 .bss           0x000000000801ebf8        0x0 obj/default/main.o
 .bss           0x000000000801ebf8        0x0 c:/intelfpga_lite/17.0/nios2eds/bin/gnu/h-x86_64-mingw32/bin/../lib/gcc/nios2-elf/5.3.0/../../../../../H-x86_64-mingw32/nios2-elf/lib/mno-hw-mul\libc.a(lib_a-atoi.o)
 .bss           0x000000000801ebf8        0x0 c:/intelfpga_lite/17.0/nios2eds/bin/gnu/h-x86_64-mingw32/bin/../lib/gcc/nios2-elf/5.3.0/../../../../../H-x86_64-mingw32/nios2-elf/lib/mno-hw-mul\libc.a(lib_a-exit.o)
 .bss           0x000000000801ebf8        0x0 c:/intelfpga_lite/17.0/nios2eds/bin/gnu/h-x86_64-mingw32/bin/../lib/gcc/nios2-elf/5.3.0/../../../../../H-x86_64-mingw32/nios2-elf/lib/mno-hw-mul\libc.a(lib_a-fclose.o)
 .bss           0x000000000801ebf8        0x0 c:/intelfpga_lite/17.0/nios2eds/bin/gnu/h-x86_64-mingw32/bin/../lib/gcc/nios2-elf/5.3.0/../../../../../H-x86_64-mingw32/nios2-elf/lib/mno-hw-mul\libc.a(lib_a-fflush.o)
 .bss           0x000000000801ebf8        0x0 c:/intelfpga_lite/17.0/nios2eds/bin/gnu/h-x86_64-mingw32/bin/../lib/gcc/nios2-elf/5.3.0/../../../../../H-x86_64-mingw32/nios2-elf/lib/mno-hw-mul\libc.a(lib_a-findfp.o)
 .bss           0x000000000801ebf8        0x0 c:/intelfpga_lite/17.0/nios2eds/bin/gnu/h-x86_64-mingw32/bin/../lib/gcc/nios2-elf/5.3.0/../../../../../H-x86_64-mingw32/nios2-elf/lib/mno-hw-mul\libc.a(lib_a-fopen.o)
 .bss           0x000000000801ebf8        0x0 c:/intelfpga_lite/17.0/nios2eds/bin/gnu/h-x86_64-mingw32/bin/../lib/gcc/nios2-elf/5.3.0/../../../../../H-x86_64-mingw32/nios2-elf/lib/mno-hw-mul\libc.a(lib_a-freer.o)
 .bss           0x000000000801ebf8        0x0 c:/intelfpga_lite/17.0/nios2eds/bin/gnu/h-x86_64-mingw32/bin/../lib/gcc/nios2-elf/5.3.0/../../../../../H-x86_64-mingw32/nios2-elf/lib/mno-hw-mul\libc.a(lib_a-fseek.o)
 .bss           0x000000000801ebf8        0x0 c:/intelfpga_lite/17.0/nios2eds/bin/gnu/h-x86_64-mingw32/bin/../lib/gcc/nios2-elf/5.3.0/../../../../../H-x86_64-mingw32/nios2-elf/lib/mno-hw-mul\libc.a(lib_a-fseeko.o)
 .bss           0x000000000801ebf8        0x0 c:/intelfpga_lite/17.0/nios2eds/bin/gnu/h-x86_64-mingw32/bin/../lib/gcc/nios2-elf/5.3.0/../../../../../H-x86_64-mingw32/nios2-elf/lib/mno-hw-mul\libc.a(lib_a-fstatr.o)
 .bss           0x000000000801ebf8        0x0 c:/intelfpga_lite/17.0/nios2eds/bin/gnu/h-x86_64-mingw32/bin/../lib/gcc/nios2-elf/5.3.0/../../../../../H-x86_64-mingw32/nios2-elf/lib/mno-hw-mul\libc.a(lib_a-fwalk.o)
 .bss           0x000000000801ebf8        0x0 c:/intelfpga_lite/17.0/nios2eds/bin/gnu/h-x86_64-mingw32/bin/../lib/gcc/nios2-elf/5.3.0/../../../../../H-x86_64-mingw32/nios2-elf/lib/mno-hw-mul\libc.a(lib_a-getline.o)
 .bss           0x000000000801ebf8        0x0 c:/intelfpga_lite/17.0/nios2eds/bin/gnu/h-x86_64-mingw32/bin/../lib/gcc/nios2-elf/5.3.0/../../../../../H-x86_64-mingw32/nios2-elf/lib/mno-hw-mul\libc.a(lib_a-impure.o)
 .bss           0x000000000801ebf8        0x0 c:/intelfpga_lite/17.0/nios2eds/bin/gnu/h-x86_64-mingw32/bin/../lib/gcc/nios2-elf/5.3.0/../../../../../H-x86_64-mingw32/nios2-elf/lib/mno-hw-mul\libc.a(lib_a-int_errno.o)
 .bss           0x000000000801ebf8        0x0 c:/intelfpga_lite/17.0/nios2eds/bin/gnu/h-x86_64-mingw32/bin/../lib/gcc/nios2-elf/5.3.0/../../../../../H-x86_64-mingw32/nios2-elf/lib/mno-hw-mul\libc.a(lib_a-itoa.o)
 .bss           0x000000000801ebf8        0x0 c:/intelfpga_lite/17.0/nios2eds/bin/gnu/h-x86_64-mingw32/bin/../lib/gcc/nios2-elf/5.3.0/../../../../../H-x86_64-mingw32/nios2-elf/lib/mno-hw-mul\libc.a(lib_a-makebuf.o)
 .bss           0x000000000801ebf8        0x0 c:/intelfpga_lite/17.0/nios2eds/bin/gnu/h-x86_64-mingw32/bin/../lib/gcc/nios2-elf/5.3.0/../../../../../H-x86_64-mingw32/nios2-elf/lib/mno-hw-mul\libc.a(lib_a-mallocr.o)
 .bss.__malloc_current_mallinfo
                0x000000000801ebf8       0x28 c:/intelfpga_lite/17.0/nios2eds/bin/gnu/h-x86_64-mingw32/bin/../lib/gcc/nios2-elf/5.3.0/../../../../../H-x86_64-mingw32/nios2-elf/lib/mno-hw-mul\libc.a(lib_a-mallocr.o)
                0x000000000801ebf8                __malloc_current_mallinfo
 .bss           0x000000000801ec20        0x0 c:/intelfpga_lite/17.0/nios2eds/bin/gnu/h-x86_64-mingw32/bin/../lib/gcc/nios2-elf/5.3.0/../../../../../H-x86_64-mingw32/nios2-elf/lib/mno-hw-mul\libc.a(lib_a-memcpy.o)
 .bss           0x000000000801ec20        0x0 c:/intelfpga_lite/17.0/nios2eds/bin/gnu/h-x86_64-mingw32/bin/../lib/gcc/nios2-elf/5.3.0/../../../../../H-x86_64-mingw32/nios2-elf/lib/mno-hw-mul\libc.a(lib_a-memset.o)
 .bss           0x000000000801ec20        0x0 c:/intelfpga_lite/17.0/nios2eds/bin/gnu/h-x86_64-mingw32/bin/../lib/gcc/nios2-elf/5.3.0/../../../../../H-x86_64-mingw32/nios2-elf/lib/mno-hw-mul\libc.a(lib_a-openr.o)
 .bss           0x000000000801ec20        0x0 c:/intelfpga_lite/17.0/nios2eds/bin/gnu/h-x86_64-mingw32/bin/../lib/gcc/nios2-elf/5.3.0/../../../../../H-x86_64-mingw32/nios2-elf/lib/mno-hw-mul\libc.a(lib_a-refill.o)
 .bss           0x000000000801ec20        0x0 c:/intelfpga_lite/17.0/nios2eds/bin/gnu/h-x86_64-mingw32/bin/../lib/gcc/nios2-elf/5.3.0/../../../../../H-x86_64-mingw32/nios2-elf/lib/mno-hw-mul\libc.a(lib_a-sbrkr.o)
 .bss           0x000000000801ec20        0x0 c:/intelfpga_lite/17.0/nios2eds/bin/gnu/h-x86_64-mingw32/bin/../lib/gcc/nios2-elf/5.3.0/../../../../../H-x86_64-mingw32/nios2-elf/lib/mno-hw-mul\libc.a(lib_a-stdio.o)
 .bss           0x000000000801ec20        0x0 c:/intelfpga_lite/17.0/nios2eds/bin/gnu/h-x86_64-mingw32/bin/../lib/gcc/nios2-elf/5.3.0/../../../../../H-x86_64-mingw32/nios2-elf/lib/mno-hw-mul\libc.a(lib_a-strtok.o)
 .bss           0x000000000801ec20        0x0 c:/intelfpga_lite/17.0/nios2eds/bin/gnu/h-x86_64-mingw32/bin/../lib/gcc/nios2-elf/5.3.0/../../../../../H-x86_64-mingw32/nios2-elf/lib/mno-hw-mul\libc.a(lib_a-strtok_r.o)
 .bss           0x000000000801ec20        0x0 c:/intelfpga_lite/17.0/nios2eds/bin/gnu/h-x86_64-mingw32/bin/../lib/gcc/nios2-elf/5.3.0/../../../../../H-x86_64-mingw32/nios2-elf/lib/mno-hw-mul\libc.a(lib_a-strtol.o)
 .bss           0x000000000801ec20        0x0 c:/intelfpga_lite/17.0/nios2eds/bin/gnu/h-x86_64-mingw32/bin/../lib/gcc/nios2-elf/5.3.0/../../../../../H-x86_64-mingw32/nios2-elf/lib/mno-hw-mul\libc.a(lib_a-utoa.o)
 .bss           0x000000000801ec20        0x0 c:/intelfpga_lite/17.0/nios2eds/bin/gnu/h-x86_64-mingw32/bin/../lib/gcc/nios2-elf/5.3.0/../../../../../H-x86_64-mingw32/nios2-elf/lib/mno-hw-mul\libc.a(lib_a-writer.o)
 .bss           0x000000000801ec20        0x0 c:/intelfpga_lite/17.0/nios2eds/bin/gnu/h-x86_64-mingw32/bin/../lib/gcc/nios2-elf/5.3.0/../../../../../H-x86_64-mingw32/nios2-elf/lib/mno-hw-mul\libc.a(closer.o)
 .bss           0x000000000801ec20        0x0 c:/intelfpga_lite/17.0/nios2eds/bin/gnu/h-x86_64-mingw32/bin/../lib/gcc/nios2-elf/5.3.0/../../../../../H-x86_64-mingw32/nios2-elf/lib/mno-hw-mul\libc.a(lib_a-__call_atexit.o)
 .bss           0x000000000801ec20        0x0 c:/intelfpga_lite/17.0/nios2eds/bin/gnu/h-x86_64-mingw32/bin/../lib/gcc/nios2-elf/5.3.0/../../../../../H-x86_64-mingw32/nios2-elf/lib/mno-hw-mul\libc.a(lib_a-ctype_.o)
 .bss           0x000000000801ec20        0x0 c:/intelfpga_lite/17.0/nios2eds/bin/gnu/h-x86_64-mingw32/bin/../lib/gcc/nios2-elf/5.3.0/../../../../../H-x86_64-mingw32/nios2-elf/lib/mno-hw-mul\libc.a(lib_a-flags.o)
 .bss           0x000000000801ec20        0x0 c:/intelfpga_lite/17.0/nios2eds/bin/gnu/h-x86_64-mingw32/bin/../lib/gcc/nios2-elf/5.3.0/../../../../../H-x86_64-mingw32/nios2-elf/lib/mno-hw-mul\libc.a(lib_a-getdelim.o)
 .bss           0x000000000801ec20        0x0 c:/intelfpga_lite/17.0/nios2eds/bin/gnu/h-x86_64-mingw32/bin/../lib/gcc/nios2-elf/5.3.0/../../../../../H-x86_64-mingw32/nios2-elf/lib/mno-hw-mul\libc.a(lib_a-isattyr.o)
 .bss           0x000000000801ec20        0x0 c:/intelfpga_lite/17.0/nios2eds/bin/gnu/h-x86_64-mingw32/bin/../lib/gcc/nios2-elf/5.3.0/../../../../../H-x86_64-mingw32/nios2-elf/lib/mno-hw-mul\libc.a(lib_a-lseekr.o)
 .bss           0x000000000801ec20        0x0 c:/intelfpga_lite/17.0/nios2eds/bin/gnu/h-x86_64-mingw32/bin/../lib/gcc/nios2-elf/5.3.0/../../../../../H-x86_64-mingw32/nios2-elf/lib/mno-hw-mul\libc.a(lib_a-readr.o)
 .bss           0x000000000801ec20        0x0 c:/intelfpga_lite/17.0/nios2eds/bin/gnu/h-x86_64-mingw32/bin/../lib/gcc/nios2-elf/5.3.0/../../../../../H-x86_64-mingw32/nios2-elf/lib/mno-hw-mul\libc.a(lib_a-realloc.o)
 .bss           0x000000000801ec20        0x0 c:/intelfpga_lite/17.0/nios2eds/bin/gnu/h-x86_64-mingw32/bin/../lib/gcc/nios2-elf/5.3.0/../../../../../H-x86_64-mingw32/nios2-elf/lib/mno-hw-mul\libc.a(lib_a-reallocr.o)
 .bss           0x000000000801ec20        0x0 c:/intelfpga_lite/17.0/nios2eds/bin/gnu/h-x86_64-mingw32/bin/../lib/gcc/nios2-elf/5.3.0/../../../../../H-x86_64-mingw32/nios2-elf/lib/mno-hw-mul\libc.a(lib_a-errno.o)
 .bss           0x000000000801ec20        0x0 c:/intelfpga_lite/17.0/nios2eds/bin/gnu/h-x86_64-mingw32/bin/../lib/gcc/nios2-elf/5.3.0/../../../../../H-x86_64-mingw32/nios2-elf/lib/mno-hw-mul\libc.a(lib_a-getc_u.o)
 .bss           0x000000000801ec20        0x0 c:/intelfpga_lite/17.0/nios2eds/bin/gnu/h-x86_64-mingw32/bin/../lib/gcc/nios2-elf/5.3.0/../../../../../H-x86_64-mingw32/nios2-elf/lib/mno-hw-mul\libc.a(lib_a-memmove.o)
 .bss           0x000000000801ec20        0x0 c:/intelfpga_lite/17.0/nios2eds/bin/gnu/h-x86_64-mingw32/bin/../lib/gcc/nios2-elf/5.3.0/../../../../../H-x86_64-mingw32/nios2-elf/lib/mno-hw-mul\libc.a(lib_a-rget.o)
 .bss           0x000000000801ec20        0x0 c:/intelfpga_lite/17.0/nios2eds/bin/gnu/h-x86_64-mingw32/bin/../lib/gcc/nios2-elf/5.3.0/mno-hw-mul\libgcc.a(lib2-divmod.o)
 .bss           0x000000000801ec20        0x0 c:/intelfpga_lite/17.0/nios2eds/bin/gnu/h-x86_64-mingw32/bin/../lib/gcc/nios2-elf/5.3.0/mno-hw-mul\libgcc.a(lib2-mul.o)
 .bss           0x000000000801ec20        0x0 ../host_fs_bsp/\libhal_bsp.a(alt_close.o)
 .bss           0x000000000801ec20        0x0 ../host_fs_bsp/\libhal_bsp.a(alt_dev.o)
 .bss           0x000000000801ec20        0x0 ../host_fs_bsp/\libhal_bsp.a(alt_errno.o)
 .bss           0x000000000801ec20        0x0 ../host_fs_bsp/\libhal_bsp.a(alt_exit.o)
 .bss           0x000000000801ec20        0x0 ../host_fs_bsp/\libhal_bsp.a(alt_fstat.o)
 .bss           0x000000000801ec20        0x0 ../host_fs_bsp/\libhal_bsp.a(alt_isatty.o)
 .bss           0x000000000801ec20        0x0 ../host_fs_bsp/\libhal_bsp.a(alt_load.o)
 .bss           0x000000000801ec20        0x0 ../host_fs_bsp/\libhal_bsp.a(alt_lseek.o)
 .bss           0x000000000801ec20        0x0 ../host_fs_bsp/\libhal_bsp.a(alt_main.o)
 .bss           0x000000000801ec20        0x0 ../host_fs_bsp/\libhal_bsp.a(alt_malloc_lock.o)
 .bss           0x000000000801ec20        0x0 ../host_fs_bsp/\libhal_bsp.a(alt_open.o)
 .bss           0x000000000801ec20        0x0 ../host_fs_bsp/\libhal_bsp.a(alt_printf.o)
 .bss           0x000000000801ec20        0x0 ../host_fs_bsp/\libhal_bsp.a(alt_putchar.o)
 .bss           0x000000000801ec20        0x0 ../host_fs_bsp/\libhal_bsp.a(alt_read.o)
 .bss           0x000000000801ec20        0x0 ../host_fs_bsp/\libhal_bsp.a(alt_release_fd.o)
 .bss           0x000000000801ec20        0x0 ../host_fs_bsp/\libhal_bsp.a(alt_sbrk.o)
 .bss           0x000000000801ec20        0x0 ../host_fs_bsp/\libhal_bsp.a(alt_write.o)
 .bss           0x000000000801ec20        0x0 ../host_fs_bsp/\libhal_bsp.a(alt_sys_init.o)
 .bss           0x000000000801ec20        0x0 ../host_fs_bsp/\libhal_bsp.a(Altera_UP_SD_Card_Avalon_Interface.o)
 .bss           0x000000000801ec20        0x0 ../host_fs_bsp/\libhal_bsp.a(altera_avalon_jtag_uart_fd.o)
 .bss           0x000000000801ec20        0x0 ../host_fs_bsp/\libhal_bsp.a(altera_avalon_jtag_uart_init.o)
 .bss           0x000000000801ec20        0x0 ../host_fs_bsp/\libhal_bsp.a(altera_avalon_jtag_uart_ioctl.o)
 .bss           0x000000000801ec20        0x0 ../host_fs_bsp/\libhal_bsp.a(altera_avalon_jtag_uart_read.o)
 .bss           0x000000000801ec20        0x0 ../host_fs_bsp/\libhal_bsp.a(altera_avalon_jtag_uart_write.o)
 .bss           0x000000000801ec20        0x0 ../host_fs_bsp/\libhal_bsp.a(altera_hostfs.o)
 .bss           0x000000000801ec20        0x0 ../host_fs_bsp/\libhal_bsp.a(alt_alarm_start.o)
 .bss           0x000000000801ec20        0x0 ../host_fs_bsp/\libhal_bsp.a(alt_dcache_flush_all.o)
 .bss           0x000000000801ec20        0x0 ../host_fs_bsp/\libhal_bsp.a(alt_dev_llist_insert.o)
 .bss           0x000000000801ec20        0x0 ../host_fs_bsp/\libhal_bsp.a(alt_find_dev.o)
 .bss           0x000000000801ec20        0x0 ../host_fs_bsp/\libhal_bsp.a(alt_find_file.o)
 .bss           0x000000000801ec20        0x0 ../host_fs_bsp/\libhal_bsp.a(alt_fs_reg.o)
 .bss           0x000000000801ec20        0x0 ../host_fs_bsp/\libhal_bsp.a(alt_get_fd.o)
 .bss           0x000000000801ec20        0x0 ../host_fs_bsp/\libhal_bsp.a(alt_icache_flush_all.o)
 .bss           0x000000000801ec20        0x0 ../host_fs_bsp/\libhal_bsp.a(alt_iic.o)
 .bss           0x000000000801ec20        0x0 ../host_fs_bsp/\libhal_bsp.a(alt_iic_isr_register.o)
 .bss           0x000000000801ec20        0x0 ../host_fs_bsp/\libhal_bsp.a(alt_io_redirect.o)
 .bss           0x000000000801ec20        0x0 ../host_fs_bsp/\libhal_bsp.a(alt_irq_entry.o)
 .bss           0x000000000801ec20        0x0 ../host_fs_bsp/\libhal_bsp.a(alt_irq_handler.o)
 .bss           0x000000000801ec20        0x0 ../host_fs_bsp/\libhal_bsp.a(alt_irq_vars.o)
 .bss           0x000000000801ec20        0x0 ../host_fs_bsp/\libhal_bsp.a(alt_tick.o)
 .bss           0x000000000801ec20        0x0 ../host_fs_bsp/\libhal_bsp.a(altera_nios2_gen2_irq.o)
 .bss           0x000000000801ec20        0x0 ../host_fs_bsp/\libhal_bsp.a(alt_exception_entry.o)
 .bss           0x000000000801ec20        0x0 ../host_fs_bsp/\libhal_bsp.a(alt_instruction_exception_entry.o)
 .bss           0x000000000801ec20        0x0 c:/intelfpga_lite/17.0/nios2eds/bin/gnu/h-x86_64-mingw32/bin/../lib/gcc/nios2-elf/5.3.0/../../../../../H-x86_64-mingw32/nios2-elf/lib/mno-hw-mul\libc.a(lib_a-memcmp.o)
 .bss           0x000000000801ec20        0x0 c:/intelfpga_lite/17.0/nios2eds/bin/gnu/h-x86_64-mingw32/bin/../lib/gcc/nios2-elf/5.3.0/../../../../../H-x86_64-mingw32/nios2-elf/lib/mno-hw-mul\libc.a(lib_a-putc.o)
 .bss           0x000000000801ec20        0x0 c:/intelfpga_lite/17.0/nios2eds/bin/gnu/h-x86_64-mingw32/bin/../lib/gcc/nios2-elf/5.3.0/../../../../../H-x86_64-mingw32/nios2-elf/lib/mno-hw-mul\libc.a(lib_a-strlen.o)
 .bss           0x000000000801ec20        0x0 c:/intelfpga_lite/17.0/nios2eds/bin/gnu/h-x86_64-mingw32/bin/../lib/gcc/nios2-elf/5.3.0/../../../../../H-x86_64-mingw32/nios2-elf/lib/mno-hw-mul\libc.a(lib_a-wbuf.o)
 .bss           0x000000000801ec20        0x0 c:/intelfpga_lite/17.0/nios2eds/bin/gnu/h-x86_64-mingw32/bin/../lib/gcc/nios2-elf/5.3.0/../../../../../H-x86_64-mingw32/nios2-elf/lib/mno-hw-mul\libc.a(lib_a-wsetup.o)
 *(COMMON)
 COMMON         0x000000000801ec20      0x568 ../host_fs_bsp/\libhal_bsp.a(Altera_UP_SD_Card_Avalon_Interface.o)
                0x000000000801ec20                search_data
                0x000000000801ec34                boot_sector_data
                0x000000000801ec88                active_files
 COMMON         0x000000000801f188      0x100 ../host_fs_bsp/\libhal_bsp.a(alt_irq_handler.o)
                0x000000000801f188                alt_irq
                0x000000000801f288                . = ALIGN (0x4)
                0x000000000801f288                __bss_end = ABSOLUTE (.)

.sdram          0x0000000004000230        0x0 load address 0x000000000801f288
                [!provide]                        PROVIDE (_alt_partition_sdram_start, ABSOLUTE (.))
 *(.sdram .sdram. sdram.*)
                0x0000000004000230                . = ALIGN (0x4)
                [!provide]                        PROVIDE (_alt_partition_sdram_end, ABSOLUTE (.))
                [!provide]                        PROVIDE (_alt_partition_sdram_load_addr, LOADADDR (.sdram))

.onchip_memory  0x000000000801f288        0x0
                [!provide]                        PROVIDE (_alt_partition_onchip_memory_start, ABSOLUTE (.))
 *(.onchip_memory .onchip_memory. onchip_memory.*)
                0x000000000801f288                . = ALIGN (0x4)
                [!provide]                        PROVIDE (_alt_partition_onchip_memory_end, ABSOLUTE (.))
                0x000000000801f288                _end = ABSOLUTE (.)
                0x000000000801f288                end = ABSOLUTE (.)
                0x000000000801f288                __alt_stack_base = ABSOLUTE (.)
                [!provide]                        PROVIDE (_alt_partition_onchip_memory_load_addr, LOADADDR (.onchip_memory))

.stab
 *(.stab)

.stabstr
 *(.stabstr)

.stab.excl
 *(.stab.excl)

.stab.exclstr
 *(.stab.exclstr)

.stab.index
 *(.stab.index)

.stab.indexstr
 *(.stab.indexstr)

.comment        0x0000000000000000       0x23
 *(.comment)
 .comment       0x0000000000000000       0x23 obj/default/main.o
                                         0x24 (size before relaxing)
 .comment       0x0000000000000023       0x24 c:/intelfpga_lite/17.0/nios2eds/bin/gnu/h-x86_64-mingw32/bin/../lib/gcc/nios2-elf/5.3.0/../../../../../H-x86_64-mingw32/nios2-elf/lib/mno-hw-mul\libc.a(lib_a-atoi.o)
 .comment       0x0000000000000023       0x24 c:/intelfpga_lite/17.0/nios2eds/bin/gnu/h-x86_64-mingw32/bin/../lib/gcc/nios2-elf/5.3.0/../../../../../H-x86_64-mingw32/nios2-elf/lib/mno-hw-mul\libc.a(lib_a-exit.o)
 .comment       0x0000000000000023       0x24 c:/intelfpga_lite/17.0/nios2eds/bin/gnu/h-x86_64-mingw32/bin/../lib/gcc/nios2-elf/5.3.0/../../../../../H-x86_64-mingw32/nios2-elf/lib/mno-hw-mul\libc.a(lib_a-fclose.o)
 .comment       0x0000000000000023       0x24 c:/intelfpga_lite/17.0/nios2eds/bin/gnu/h-x86_64-mingw32/bin/../lib/gcc/nios2-elf/5.3.0/../../../../../H-x86_64-mingw32/nios2-elf/lib/mno-hw-mul\libc.a(lib_a-fflush.o)
 .comment       0x0000000000000023       0x24 c:/intelfpga_lite/17.0/nios2eds/bin/gnu/h-x86_64-mingw32/bin/../lib/gcc/nios2-elf/5.3.0/../../../../../H-x86_64-mingw32/nios2-elf/lib/mno-hw-mul\libc.a(lib_a-findfp.o)
 .comment       0x0000000000000023       0x24 c:/intelfpga_lite/17.0/nios2eds/bin/gnu/h-x86_64-mingw32/bin/../lib/gcc/nios2-elf/5.3.0/../../../../../H-x86_64-mingw32/nios2-elf/lib/mno-hw-mul\libc.a(lib_a-fopen.o)
 .comment       0x0000000000000023       0x24 c:/intelfpga_lite/17.0/nios2eds/bin/gnu/h-x86_64-mingw32/bin/../lib/gcc/nios2-elf/5.3.0/../../../../../H-x86_64-mingw32/nios2-elf/lib/mno-hw-mul\libc.a(lib_a-freer.o)
 .comment       0x0000000000000023       0x24 c:/intelfpga_lite/17.0/nios2eds/bin/gnu/h-x86_64-mingw32/bin/../lib/gcc/nios2-elf/5.3.0/../../../../../H-x86_64-mingw32/nios2-elf/lib/mno-hw-mul\libc.a(lib_a-fseek.o)
 .comment       0x0000000000000023       0x24 c:/intelfpga_lite/17.0/nios2eds/bin/gnu/h-x86_64-mingw32/bin/../lib/gcc/nios2-elf/5.3.0/../../../../../H-x86_64-mingw32/nios2-elf/lib/mno-hw-mul\libc.a(lib_a-fseeko.o)
 .comment       0x0000000000000023       0x24 c:/intelfpga_lite/17.0/nios2eds/bin/gnu/h-x86_64-mingw32/bin/../lib/gcc/nios2-elf/5.3.0/../../../../../H-x86_64-mingw32/nios2-elf/lib/mno-hw-mul\libc.a(lib_a-fstatr.o)
 .comment       0x0000000000000023       0x24 c:/intelfpga_lite/17.0/nios2eds/bin/gnu/h-x86_64-mingw32/bin/../lib/gcc/nios2-elf/5.3.0/../../../../../H-x86_64-mingw32/nios2-elf/lib/mno-hw-mul\libc.a(lib_a-fwalk.o)
 .comment       0x0000000000000023       0x24 c:/intelfpga_lite/17.0/nios2eds/bin/gnu/h-x86_64-mingw32/bin/../lib/gcc/nios2-elf/5.3.0/../../../../../H-x86_64-mingw32/nios2-elf/lib/mno-hw-mul\libc.a(lib_a-getline.o)